[    0.000000] Initializing cgroup subsys cpuset
[    0.000000] Initializing cgroup subsys cpu
[    0.000000] Initializing cgroup subsys cpuacct
[    0.000000] Linux version 4.4.0-210-generic (buildd@lgw01-amd64-009) (gcc version 5.4.0 20160609 (Ubuntu 5.4.0-6ubuntu1~16.04.12) ) #242-Ubuntu SMP Fri Apr 16 09:57:56 UTC 2021 (Ubuntu 4.4.0-210.242-generic 4.4.262)
[    0.000000] Command line: BOOT_IMAGE=/boot/vmlinuz-4.4.0-210-generic root=LABEL=cloudimg-rootfs ro console=tty1 console=ttyS0
[    0.000000] KERNEL supported cpus:
[    0.000000]   Intel GenuineIntel
[    0.000000]   AMD AuthenticAMD
[    0.000000]   Centaur CentaurHauls
[    0.000000] x86/fpu: xstate_offset[2]:  576, xstate_sizes[2]:  256
[    0.000000] x86/fpu: Supporting XSAVE feature 0x01: 'x87 floating point registers'
[    0.000000] x86/fpu: Supporting XSAVE feature 0x02: 'SSE registers'
[    0.000000] x86/fpu: Supporting XSAVE feature 0x04: 'AVX registers'
[    0.000000] x86/fpu: Enabled xstate features 0x7, context size is 832 bytes, using 'standard' format.
[    0.000000] e820: BIOS-provided physical RAM map:
[    0.000000] BIOS-e820: [mem 0x0000000000000000-0x000000000009fbff] usable
[    0.000000] BIOS-e820: [mem 0x000000000009fc00-0x000000000009ffff] reserved
[    0.000000] BIOS-e820: [mem 0x00000000000f0000-0x00000000000fffff] reserved
[    0.000000] BIOS-e820: [mem 0x0000000000100000-0x000000003ffeffff] usable
[    0.000000] BIOS-e820: [mem 0x000000003fff0000-0x000000003fffffff] ACPI data
[    0.000000] BIOS-e820: [mem 0x00000000fec00000-0x00000000fec00fff] reserved
[    0.000000] BIOS-e820: [mem 0x00000000fee00000-0x00000000fee00fff] reserved
[    0.000000] BIOS-e820: [mem 0x00000000fffc0000-0x00000000ffffffff] reserved
[    0.000000] NX (Execute Disable) protection: active
[    0.000000] SMBIOS 2.5 present.
[    0.000000] Hypervisor detected: KVM
[    0.000000] e820: last_pfn = 0x3fff0 max_arch_pfn = 0x400000000
[    0.000000] MTRR: Disabled
[    0.000000] x86/PAT: MTRRs disabled, skipping PAT initialization too.
[    0.000000] CPU MTRRs all blank - virtualized system.
[    0.000000] x86/PAT: Configuration [0-7]: WB  WT  UC- UC  WB  WT  UC- UC  
[    0.000000] found SMP MP-table at [mem 0x0009fff0-0x0009ffff] mapped at [ffff88000009fff0]
[    0.000000] Scanning 1 areas for low memory corruption
[    0.000000] RAMDISK: [mem 0x362dc000-0x37165fff]
[    0.000000] ACPI: Early table checksum verification disabled
[    0.000000] ACPI: RSDP 0x00000000000E0000 000024 (v02 VBOX  )
[    0.000000] ACPI: XSDT 0x000000003FFF0030 00003C (v01 VBOX   VBOXXSDT 00000001 ASL  00000061)
[    0.000000] ACPI: FACP 0x000000003FFF00F0 0000F4 (v04 VBOX   VBOXFACP 00000001 ASL  00000061)
[    0.000000] ACPI: DSDT 0x000000003FFF0610 002353 (v02 VBOX   VBOXBIOS 00000002 INTL 20200528)
[    0.000000] ACPI: FACS 0x000000003FFF0200 000040
[    0.000000] ACPI: FACS 0x000000003FFF0200 000040
[    0.000000] ACPI: APIC 0x000000003FFF0240 00005C (v02 VBOX   VBOXAPIC 00000001 ASL  00000061)
[    0.000000] ACPI: SSDT 0x000000003FFF02A0 00036C (v01 VBOX   VBOXCPUT 00000002 INTL 20200528)
[    0.000000] No NUMA configuration found
[    0.000000] Faking a node at [mem 0x0000000000000000-0x000000003ffeffff]
[    0.000000] NODE_DATA(0) allocated [mem 0x3ffeb000-0x3ffeffff]
[    0.000000] kvm-clock: Using msrs 4b564d01 and 4b564d00
[    0.000000] kvm-clock: cpu 0, msr 0:3ffe3001, primary cpu clock
[    0.000000] kvm-clock: using sched offset of 3214028714 cycles
[    0.000000] clocksource: kvm-clock: mask: 0xffffffffffffffff max_cycles: 0x1cd42e4dffb, max_idle_ns: 881590591483 ns
[    0.000000] Zone ranges:
[    0.000000]   DMA      [mem 0x0000000000001000-0x0000000000ffffff]
[    0.000000]   DMA32    [mem 0x0000000001000000-0x000000003ffeffff]
[    0.000000]   Normal   empty
[    0.000000]   Device   empty
[    0.000000] Movable zone start for each node
[    0.000000] Early memory node ranges
[    0.000000]   node   0: [mem 0x0000000000001000-0x000000000009efff]
[    0.000000]   node   0: [mem 0x0000000000100000-0x000000003ffeffff]
[    0.000000] Initmem setup node 0 [mem 0x0000000000001000-0x000000003ffeffff]
[    0.000000] ACPI: PM-Timer IO Port: 0x4008
[    0.000000] IOAPIC[0]: apic_id 2, version 32, address 0xfec00000, GSI 0-23
[    0.000000] ACPI: INT_SRC_OVR (bus 0 bus_irq 0 global_irq 2 dfl dfl)
[    0.000000] ACPI: INT_SRC_OVR (bus 0 bus_irq 9 global_irq 9 low level)
[    0.000000] Using ACPI (MADT) for SMP configuration information
[    0.000000] smpboot: Allowing 2 CPUs, 0 hotplug CPUs
[    0.000000] PM: Registered nosave memory: [mem 0x00000000-0x00000fff]
[    0.000000] PM: Registered nosave memory: [mem 0x0009f000-0x0009ffff]
[    0.000000] PM: Registered nosave memory: [mem 0x000a0000-0x000effff]
[    0.000000] PM: Registered nosave memory: [mem 0x000f0000-0x000fffff]
[    0.000000] e820: [mem 0x40000000-0xfebfffff] available for PCI devices
[    0.000000] Booting paravirtualized kernel on KVM
[    0.000000] clocksource: refined-jiffies: mask: 0xffffffff max_cycles: 0xffffffff, max_idle_ns: 7645519600211568 ns
[    0.000000] setup_percpu: NR_CPUS:512 nr_cpumask_bits:512 nr_cpu_ids:2 nr_node_ids:1
[    0.000000] PERCPU: Embedded 33 pages/cpu @ffff88003fc00000 s95192 r8192 d31784 u1048576
[    0.000000] Built 1 zonelists in Node order, mobility grouping on.  Total pages: 257912
[    0.000000] Policy zone: DMA32
[    0.000000] Kernel command line: BOOT_IMAGE=/boot/vmlinuz-4.4.0-210-generic root=LABEL=cloudimg-rootfs ro console=tty1 console=ttyS0
[    0.000000] PID hash table entries: 4096 (order: 3, 32768 bytes)
[    0.000000] Memory: 997792K/1048120K available (8644K kernel code, 1332K rwdata, 4044K rodata, 1492K init, 1164K bss, 50328K reserved, 0K cma-reserved)
[    0.000000] SLUB: HWalign=64, Order=0-3, MinObjects=0, CPUs=2, Nodes=1
[    0.000000] Kernel/User page tables isolation: enabled
[    0.000000] Hierarchical RCU implementation.
[    0.000000] 	Build-time adjustment of leaf fanout to 64.
[    0.000000] 	RCU restricting CPUs from NR_CPUS=512 to nr_cpu_ids=2.
[    0.000000] RCU: Adjusting geometry for rcu_fanout_leaf=64, nr_cpu_ids=2
[    0.000000] NR_IRQS:33024 nr_irqs:440 16
[    0.000000] Console: colour VGA+ 80x25
[    0.000000] console [tty1] enabled
[    0.000000] console [ttyS0] enabled
[    0.000000] tsc: Detected 1394.779 MHz processor
[    0.398607] Calibrating delay loop (skipped) preset value.. 2789.55 BogoMIPS (lpj=5579116)
[    0.404569] pid_max: default: 32768 minimum: 301
[    0.407499] ACPI: Core revision 20150930
[    0.410920] ACPI: 2 ACPI AML tables successfully acquired and loaded
[    0.415396] Security Framework initialized
[    0.418583] Yama: becoming mindful.
[    0.421023] AppArmor: AppArmor initialized
[    0.423655] Dentry cache hash table entries: 131072 (order: 8, 1048576 bytes)
[    0.430343] Inode-cache hash table entries: 65536 (order: 7, 524288 bytes)
[    0.435610] Mount-cache hash table entries: 2048 (order: 2, 16384 bytes)
[    0.440505] Mountpoint-cache hash table entries: 2048 (order: 2, 16384 bytes)
[    0.445444] Initializing cgroup subsys io
[    0.447966] Initializing cgroup subsys memory
[    0.451539] Initializing cgroup subsys devices
[    0.454610] Initializing cgroup subsys freezer
[    0.457420] Initializing cgroup subsys net_cls
[    0.460153] Initializing cgroup subsys perf_event
[    0.463624] Initializing cgroup subsys net_prio
[    0.466767] Initializing cgroup subsys hugetlb
[    0.469579] Initializing cgroup subsys pids
[    0.486667] mce: CPU supports 0 MCE banks
[    0.489467] Last level iTLB entries: 4KB 64, 2MB 8, 4MB 8
[    0.493188] Last level dTLB entries: 4KB 64, 2MB 0, 4MB 0, 1GB 4
[    0.497164] Spectre V1 : Mitigation: usercopy/swapgs barriers and __user pointer sanitization
[    0.502937] Spectre V2 : Mitigation: Full generic retpoline
[    0.506197] Spectre V2 : Spectre v2 / SpectreRSB mitigation: Filling RSB on context switch
[    0.512153] Speculative Store Bypass: Vulnerable
[    0.515009] SRBDS: Unknown: Dependent on hypervisor status
[    0.518860] MDS: Mitigation: Clear CPU buffers
[    0.552613] Freeing SMP alternatives memory: 36K
[    0.617786] ftrace: allocating 32380 entries in 127 pages
[    1.061562] smpboot: APIC(0) Converting physical 0 to logical package 0
[    1.066114] smpboot: Max logical packages: 1
[    1.070745] x2apic enabled
[    1.073912] Switched APIC routing to physical x2apic.
[    1.084955] ..TIMER: vector=0x30 apic1=0 pin1=2 apic2=-1 pin2=-1
[    1.196879] smpboot: CPU0: Intel(R) Core(TM) i5-8257U CPU @ 1.40GHz (family: 0x6, model: 0x8e, stepping: 0xa)
[    1.203153] Performance Events: unsupported p6 CPU model 142 no PMU driver, software events only.
[    1.275853] KVM setup paravirtual spinlock
[    1.279865] x86: Booting SMP configuration:
[    1.282545] .... node  #0, CPUs:      #1
[    1.285999] kvm-clock: cpu 1, msr 0:3ffe3041, secondary cpu clock
[    1.304641] mce: CPU supports 0 MCE banks
[    1.309262] x86: Booted up 1 node, 2 CPUs
[    1.312632] smpboot: Total of 2 processors activated (5579.11 BogoMIPS)
[    1.318361] devtmpfs: initialized
[    1.322185] evm: security.selinux
[    1.324479] evm: security.SMACK64
[    1.326752] evm: security.SMACK64EXEC
[    1.329052] evm: security.SMACK64TRANSMUTE
[    1.331745] evm: security.SMACK64MMAP
[    1.334181] evm: security.ima
[    1.336199] evm: security.capability
[    1.338909] clocksource: jiffies: mask: 0xffffffff max_cycles: 0xffffffff, max_idle_ns: 7645041785100000 ns
[    1.344833] futex hash table entries: 512 (order: 3, 32768 bytes)
[    1.348895] pinctrl core: initialized pinctrl subsystem
[    1.352445] RTC time: 20:27:48, date: 04/23/23
[    1.355503] NET: Registered protocol family 16
[    1.367942] cpuidle: using governor ladder
[    1.381220] cpuidle: using governor menu
[    1.383563] PCCT header not found.
[    1.385828] ACPI: bus type PCI registered
[    1.388240] acpiphp: ACPI Hot Plug PCI Controller Driver version: 0.5
[    1.392686] PCI: Using configuration type 1 for base access
[    1.411941] ACPI: Added _OSI(Module Device)
[    1.417161] ACPI: Added _OSI(Processor Device)
[    1.421997] ACPI: Added _OSI(3.0 _SCP Extensions)
[    1.425960] ACPI: Added _OSI(Processor Aggregator Device)
[    1.431464] ACPI: Executed 1 blocks of module-level executable AML code
[    1.439964] ACPI: Interpreter enabled
[    1.442673] ACPI: (supports S0 S5)
[    1.445248] ACPI: Using IOAPIC for interrupt routing
[    1.448832] PCI: Using host bridge windows from ACPI; if necessary, use "pci=nocrs" and report a bug
[    1.461410] ACPI: PCI Root Bridge [PCI0] (domain 0000 [bus 00-ff])
[    1.465007] acpi PNP0A03:00: _OSC: OS supports [ASPM ClockPM Segments MSI]
[    1.469937] acpi PNP0A03:00: _OSC: not requesting OS control; OS requires [ExtendedConfig ASPM ClockPM MSI]
[    1.475542] acpi PNP0A03:00: fail to add MMCONFIG information, can't access extended PCI configuration space under this bridge.
[    1.484077] PCI host bridge to bus 0000:00
[    1.486662] pci_bus 0000:00: root bus resource [io  0x0000-0x0cf7 window]
[    1.490638] pci_bus 0000:00: root bus resource [io  0x0d00-0xffff window]
[    1.494696] pci_bus 0000:00: root bus resource [mem 0x000a0000-0x000bffff window]
[    1.499618] pci_bus 0000:00: root bus resource [mem 0x40000000-0xfdffffff window]
[    1.504075] pci_bus 0000:00: root bus resource [bus 00-ff]
[    1.512956] pci 0000:00:01.1: legacy IDE quirk: reg 0x10: [io  0x01f0-0x01f7]
[    1.517287] pci 0000:00:01.1: legacy IDE quirk: reg 0x14: [io  0x03f6]
[    1.520986] pci 0000:00:01.1: legacy IDE quirk: reg 0x18: [io  0x0170-0x0177]
[    1.535425] pci 0000:00:01.1: legacy IDE quirk: reg 0x1c: [io  0x0376]
[    1.580021] pci 0000:00:07.0: quirk: [io  0x4000-0x403f] claimed by PIIX4 ACPI
[    1.585124] pci 0000:00:07.0: quirk: [io  0x4100-0x410f] claimed by PIIX4 SMB
[    1.601528] ACPI: PCI Interrupt Link [LNKA] (IRQs 5 9 10 *11)
[    1.606606] ACPI: PCI Interrupt Link [LNKB] (IRQs 5 9 *10 11)
[    1.611479] ACPI: PCI Interrupt Link [LNKC] (IRQs 5 *9 10 11)
[    1.616371] ACPI: PCI Interrupt Link [LNKD] (IRQs 5 9 10 *11)
[    1.621272] ACPI: Enabled 2 GPEs in block 00 to 07
[    1.625050] vgaarb: setting as boot device: PCI:0000:00:02.0
[    1.628457] vgaarb: device added: PCI:0000:00:02.0,decodes=io+mem,owns=io+mem,locks=none
[    1.633138] vgaarb: loaded
[    1.634913] vgaarb: bridge control possible 0000:00:02.0
[    1.638677] SCSI subsystem initialized
[    1.641246] ACPI: bus type USB registered
[    1.643629] usbcore: registered new interface driver usbfs
[    1.647030] usbcore: registered new interface driver hub
[    1.650461] usbcore: registered new device driver usb
[    1.653889] PCI: Using ACPI for IRQ routing
[    1.657075] NetLabel: Initializing
[    1.659202] NetLabel:  domain hash size = 128
[    1.661819] NetLabel:  protocols = UNLABELED CIPSOv4
[    1.664727] NetLabel:  unlabeled traffic allowed by default
[    1.668256] amd_nb: Cannot enumerate AMD northbridges
[    1.671521] clocksource: Switched to clocksource kvm-clock
[    1.687393] AppArmor: AppArmor Filesystem Enabled
[    1.690301] pnp: PnP ACPI init
[    1.694084] pnp: PnP ACPI: found 3 devices
[    1.712087] clocksource: acpi_pm: mask: 0xffffff max_cycles: 0xffffff, max_idle_ns: 2085701024 ns
[    1.717517] NET: Registered protocol family 2
[    1.720575] TCP established hash table entries: 8192 (order: 4, 65536 bytes)
[    1.724684] TCP bind hash table entries: 8192 (order: 5, 131072 bytes)
[    1.728576] TCP: Hash tables configured (established 8192 bind 8192)
[    1.732384] UDP hash table entries: 512 (order: 2, 16384 bytes)
[    1.735841] UDP-Lite hash table entries: 512 (order: 2, 16384 bytes)
[    1.739501] NET: Registered protocol family 1
[    1.742153] pci 0000:00:00.0: Limiting direct PCI/PCI transfers
[    1.745951] pci 0000:00:01.0: Activating ISA DMA hang workarounds
[    1.750220] Unpacking initramfs...
[    1.976676] Freeing initrd memory: 14888K
[    1.981662] clocksource: tsc: mask: 0xffffffffffffffff max_cycles: 0x141adc32970, max_idle_ns: 440795219931 ns
[    1.990464] platform rtc_cmos: registered platform RTC device (no PNP device found)
[    1.996098] Scanning for low memory corruption every 60 seconds
[    2.000354] audit: initializing netlink subsys (disabled)
[    2.003948] audit: type=2000 audit(1682281673.004:1): initialized
[    2.007969] Initialise system trusted keyring
[    2.011490] HugeTLB registered 2 MB page size, pre-allocated 0 pages
[    2.016883] zbud: loaded
[    2.019515] VFS: Disk quotas dquot_6.6.0
[    2.022254] VFS: Dquot-cache hash table entries: 512 (order 0, 4096 bytes)
[    2.026857] squashfs: version 4.0 (2009/01/31) Phillip Lougher
[    2.031137] fuse init (API version 7.23)
[    2.034523] Key type big_key registered
[    2.037336] Allocating IMA MOK and blacklist keyrings.
[    2.043840] Key type asymmetric registered
[    2.046699] Asymmetric key parser 'x509' registered
[    2.049851] Block layer SCSI generic (bsg) driver version 0.4 loaded (major 249)
[    2.054598] io scheduler noop registered
[    2.057355] io scheduler deadline registered (default)
[    2.060628] io scheduler cfq registered
[    2.063304] pci_hotplug: PCI Hot Plug PCI Core version: 0.5
[    2.066921] pciehp: PCI Express Hot Plug Controller Driver version: 0.4
[    2.071684] ACPI: AC Adapter [AC] (on-line)
[    2.074713] input: Power Button as /devices/LNXSYSTM:00/LNXPWRBN:00/input/input0
[    2.079745] ACPI: Power Button [PWRF]
[    2.082377] input: Sleep Button as /devices/LNXSYSTM:00/LNXSLPBN:00/input/input1
[    2.087895] ACPI: Sleep Button [SLPF]
[    2.091642] GHES: HEST is not enabled!
[    2.095988] ACPI: Battery Slot [BAT0] (battery present)
[    2.099239] Serial: 8250/16550 driver, 32 ports, IRQ sharing enabled
[    2.127926] 00:02: ttyS0 at I/O 0x3f8 (irq = 4, base_baud = 115200) is a 16550A
[    2.133982] Linux agpgart interface v0.103
[    2.140537] loop: module loaded
[    2.143929] scsi host0: ata_piix
[    2.146995] scsi host1: ata_piix
[    2.149253] ata1: PATA max UDMA/33 cmd 0x1f0 ctl 0x3f6 bmdma 0xd000 irq 14
[    2.153371] ata2: PATA max UDMA/33 cmd 0x170 ctl 0x376 bmdma 0xd008 irq 15
[    2.159272] libphy: Fixed MDIO Bus: probed
[    2.162015] tun: Universal TUN/TAP device driver, 1.6
[    2.165345] tun: (C) 1999-2004 Max Krasnyansky <maxk@qualcomm.com>
[    2.170161] PPP generic driver version 2.4.2
[    2.173025] ehci_hcd: USB 2.0 'Enhanced' Host Controller (EHCI) Driver
[    2.177140] ehci-pci: EHCI PCI platform driver
[    2.180162] ehci-platform: EHCI generic platform driver
[    2.183822] ohci_hcd: USB 1.1 'Open' Host Controller (OHCI) Driver
[    2.187710] ohci-pci: OHCI PCI platform driver
[    2.190672] ohci-platform: OHCI generic platform driver
[    2.194034] uhci_hcd: USB Universal Host Controller Interface driver
[    2.198437] i8042: PNP: PS/2 Controller [PNP0303:PS2K,PNP0f03:PS2M] at 0x60,0x64 irq 1,12
[    2.205912] serio: i8042 KBD port at 0x60,0x64 irq 1
[    2.209030] serio: i8042 AUX port at 0x60,0x64 irq 12
[    2.212316] mousedev: PS/2 mouse device common for all mice
[    2.217638] rtc_cmos rtc_cmos: rtc core: registered rtc_cmos as rtc0
[    2.222126] input: AT Translated Set 2 keyboard as /devices/platform/i8042/serio0/input/input2
[    2.227486] rtc_cmos rtc_cmos: alarms up to one day, 114 bytes nvram
[    2.231704] i2c /dev entries driver
[    2.233931] device-mapper: uevent: version 1.0.3
[    2.237037] device-mapper: ioctl: 4.34.0-ioctl (2015-10-28) initialised: dm-devel@redhat.com
[    2.242479] ledtrig-cpu: registered to indicate activity on CPUs
[    2.247133] NET: Registered protocol family 10
[    2.250007] NET: Registered protocol family 17
[    2.252690] Key type dns_resolver registered
[    2.256381] registered taskstats version 1
[    2.258788] Loading compiled-in X.509 certificates
[    2.262129] Loaded X.509 cert 'Build time autogenerated kernel key: cf00e047681d67edb2720680708b7d9498083038'
[    2.267779] zswap: loaded using pool lzo/zbud
[    2.273003] Key type trusted registered
[    2.279709] Key type encrypted registered
[    2.282074] AppArmor: AppArmor sha1 policy hashing enabled
[    2.285607] ima: No TPM chip found, activating TPM-bypass!
[    2.288821] ima: Allocated hash algorithm: sha1
[    2.291493] evm: HMAC attrs: 0x1
[    2.294375]   Magic number: 3:764:498
[    2.297518] rtc_cmos rtc_cmos: setting system clock to 2023-04-23 20:27:49 UTC (1682281669)
[    2.302716] BIOS EDD facility v0.16 2004-Jun-25, 0 devices found
[    2.306366] EDD information not available.
[    2.366028] Freeing unused kernel memory: 1492K
[    2.368886] Write protecting the kernel read-only data: 14336k
[    2.373035] Freeing unused kernel memory: 1584K
[    2.376263] Freeing unused kernel memory: 52K
Loading, please wait...
starting version 229
[    2.400603] random: systemd-udevd: uninitialized urandom read (16 bytes read, 5 bits of entropy available)
[    2.400774] random: udevadm: uninitialized urandom read (16 bytes read, 5 bits of entropy available)
[    2.400815] random: udevadm: uninitialized urandom read (16 bytes read, 5 bits of entropy available)
[    2.420617] random: udevadm: uninitialized urandom read (16 bytes read, 5 bits of entropy available)
[    2.420734] random: udevadm: uninitialized urandom read (16 bytes read, 5 bits of entropy available)
[    2.421002] random: udevadm: uninitialized urandom read (16 bytes read, 5 bits of entropy available)
[    2.421144] random: udevadm: uninitialized urandom read (16 bytes read, 5 bits of entropy available)
[    2.421264] random: udevadm: uninitialized urandom read (16 bytes read, 5 bits of entropy available)
[    2.421389] random: udevadm: uninitialized urandom read (16 bytes read, 5 bits of entropy available)
[    2.421528] random: udevadm: uninitialized urandom read (16 bytes read, 5 bits of entropy available)
[    2.529521] Fusion MPT base driver 3.04.20
[    2.533265] Copyright (c) 1999-2008 LSI Corporation
[    2.545649] e1000: Intel(R) PRO/1000 Network Driver - version 7.3.21-k8-NAPI
[    2.551172] e1000: Copyright (c) 1999-2006 Intel Corporation.
[    2.570545] AVX2 version of gcm_enc/dec engaged.
[    2.574809] AES CTR mode by8 optimization enabled
[    2.591730] Fusion MPT SPI Host driver 3.04.20
[    2.779687] input: ImExPS/2 Generic Explorer Mouse as /devices/platform/i8042/serio1/input/input4
[    3.048267] e1000 0000:00:03.0 eth0: (PCI:33MHz:32-bit) 02:be:82:6b:cc:1d
[    3.052555] e1000 0000:00:03.0 eth0: Intel(R) PRO/1000 Network Connection
[    3.058005] mptbase: ioc0: Initiating bringup
[    3.129340] ioc0: LSI53C1030 A0: Capabilities={Initiator}
[    3.299249] scsi host2: ioc0: LSI53C1030 A0, FwRev=00000000h, Ports=1, MaxQ=256, IRQ=20
[    3.416943] scsi 2:0:0:0: Direct-Access     VBOX     HARDDISK         1.0  PQ: 0 ANSI: 5
[    3.422243] scsi target2:0:0: Beginning Domain Validation
[    3.428492] scsi target2:0:0: Domain Validation skipping write tests
[    3.432334] scsi target2:0:0: Ending Domain Validation
[    3.435471] scsi target2:0:0: asynchronous
[    3.439328] scsi 2:0:1:0: Direct-Access     VBOX     HARDDISK         1.0  PQ: 0 ANSI: 5
[    3.444061] scsi target2:0:1: Beginning Domain Validation
[    3.450803] scsi target2:0:1: Domain Validation skipping write tests
[    3.455363] scsi target2:0:1: Ending Domain Validation
[    3.458806] scsi target2:0:1: asynchronous
[    3.504530] sd 2:0:0:0: [sda] 83886080 512-byte logical blocks: (42.9 GB/40.0 GiB)
[    3.509515] sd 2:0:0:0: Attached scsi generic sg0 type 0
[    3.514746] sd 2:0:1:0: [sdb] 20480 512-byte logical blocks: (10.5 MB/10.0 MiB)
[    3.521073] sd 2:0:1:0: Attached scsi generic sg1 type 0
[    3.525978] sd 2:0:0:0: [sda] Write Protect is off
[    3.531015] sd 2:0:1:0: [sdb] Write Protect is off
[    3.536400] sd 2:0:0:0: [sda] Incomplete mode parameter data
[    3.540433] sd 2:0:0:0: [sda] Assuming drive cache: write through
[    3.545244] sd 2:0:1:0: [sdb] Incomplete mode parameter data
[    3.549622] sd 2:0:1:0: [sdb] Assuming drive cache: write through
[    3.556365]  sda: sda1
[    3.562389] sd 2:0:1:0: [sdb] Attached SCSI disk
[    3.566078] sd 2:0:0:0: [sda] Attached SCSI disk
[    3.904974] e1000 0000:00:08.0 eth1: (PCI:33MHz:32-bit) 08:00:27:46:8e:09
[    3.909252] e1000 0000:00:08.0 eth1: Intel(R) PRO/1000 Network Connection
[    3.915259] e1000 0000:00:03.0 enp0s3: renamed from eth0
[    3.935910] e1000 0000:00:08.0 enp0s8: renamed from eth1
Begin: Loading essential drivers ... [    5.514976] md: linear personality registered for level -1
[    5.521852] md: multipath personality registered for level -4
[    5.527982] md: raid0 personality registered for level 0
[    5.539083] md: raid1 personality registered for level 1
[    5.612383] raid6: sse2x1   gen() 12069 MB/s
[    5.679554] raid6: sse2x1   xor()  8808 MB/s
[    5.747697] raid6: sse2x2   gen() 14574 MB/s
[    5.821235] raid6: sse2x2   xor()  8666 MB/s
[    5.891564] raid6: sse2x4   gen() 14725 MB/s
[    5.960437] raid6: sse2x4   xor() 11607 MB/s
[    6.032020] raid6: avx2x1   gen() 20905 MB/s
[    6.100612] raid6: avx2x2   gen() 28409 MB/s
[    6.168210] raid6: avx2x4   gen() 30958 MB/s
[    6.171762] raid6: using algorithm avx2x4 gen() 30958 MB/s
[    6.175189] raid6: using avx2x2 recovery algorithm
[    6.180346] xor: automatically using best checksumming function:
[    6.267945]    avx       : 60067.000 MB/sec
[    6.272867] async_tx: api initialized (async)
[    6.300384] md: raid6 personality registered for level 6
[    6.303969] md: raid5 personality registered for level 5
[    6.307064] md: raid4 personality registered for level 4
[    6.323612] md: raid10 personality registered for level 10
done.
Begin: Running /scripts/init-premount ... done.
Begin: Mounting root file system ... Begin: Running /scripts/local-top ... done.
Begin: Running /scripts/local-premount ... [    6.388243] Btrfs loaded
Scanning for Btrfs filesystems
done.
Warning: fsck not present, so skipping root file system
[    6.423950] EXT4-fs (sda1): mounted filesystem with ordered data mode. Opts: (null)
done.
Begin: Running /scripts/local-bottom ... done.
Begin: Running /scripts/init-bottom ... done.
[    6.541821] systemd[1]: systemd 229 running in system mode. (+PAM +AUDIT +SELINUX +IMA +APPARMOR +SMACK +SYSVINIT +UTMP +LIBCRYPTSETUP +GCRYPT +GNUTLS +ACL +XZ -LZ4 +SECCOMP +BLKID +ELFUTILS +KMOD -IDN)
[    6.552118] systemd[1]: Detected virtualization oracle.
[    6.555242] systemd[1]: Detected architecture x86-64.

Welcome to [1mUbuntu 16.04.7 LTS[0m!

[    6.564968] systemd[1]: Set hostname to <ubuntu>.
[    6.571572] systemd[1]: Initializing machine ID from random generator.
[    6.575626] systemd[1]: Installed transient /etc/machine-id file.
[    6.721995] systemd[1]: Listening on LVM2 poll daemon socket.
[[0;32m  OK  [0m] Listening on LVM2 poll daemon socket.
[    6.729032] systemd[1]: Set up automount Arbitrary Executable File Formats File System Automount Point.
[[0;32m  OK  [0m] Set up automount Arbitrary Executab...ats File System Automount Point.
[    6.740123] systemd[1]: Listening on LVM2 metadata daemon socket.
[[0;32m  OK  [0m] Listening on LVM2 metadata daemon socket.
[    6.748315] systemd[1]: Reached target Swap.
[[0;32m  OK  [0m] Reached target Swap.
[    6.754356] systemd[1]: Listening on Journal Socket (/dev/log).
[[0;32m  OK  [0m] Listening on Journal Socket (/dev/log).
[    6.761774] systemd[1]: Started Trigger resolvconf update for networkd DNS.
[[0;32m  OK  [0m] Started Trigger resolvconf update for networkd DNS.
[    6.770348] systemd[1]: Listening on Device-mapper event daemon FIFOs.
[[0;32m  OK  [0m] Listening on Device-mapper event daemon FIFOs.
[    6.779619] systemd[1]: Created slice User and Session Slice.
[[0;32m  OK  [0m] Created slice User and Session Slice.
[    6.787588] systemd[1]: Listening on fsck to fsckd communication Socket.
[[0;32m  OK  [0m] Listening on fsck to fsckd communication Socket.
[    6.796286] systemd[1]: Listening on udev Control Socket.
[[0;32m  OK  [0m] Listening on udev Control Socket.
[    6.804225] systemd[1]: Created slice System Slice.
[[0;32m  OK  [0m] Created slice System Slice.
[    6.811279] systemd[1]: Reached target Slices.
[[0;32m  OK  [0m] Reached target Slices.
[    6.818335] systemd[1]: Listening on Journal Audit Socket.
[[0;32m  OK  [0m] Listening on Journal Audit Socket.
[    6.825941] systemd[1]: Started Forward Password Requests to Wall Directory Watch.
[[0;32m  OK  [0m] Started Forward Password Requests to Wall Directory Watch.
[    6.835184] systemd[1]: Listening on Syslog Socket.
[[0;32m  OK  [0m] Listening on Syslog Socket.
[    6.841707] systemd[1]: Reached target System Time Synchronized.
[[0;32m  OK  [0m] Reached target System Time Synchronized.
[    6.849155] systemd[1]: Reached target Encrypted Volumes.
[[0;32m  OK  [0m] Reached target Encrypted Volumes.
[    6.855991] systemd[1]: Listening on udev Kernel Socket.
[[0;32m  OK  [0m] Listening on udev Kernel Socket.
[    6.862799] systemd[1]: Listening on /dev/initctl Compatibility Named Pipe.
[[0;32m  OK  [0m] Listening on /dev/initctl Compatibility Named Pipe.
[    6.871784] systemd[1]: Created slice system-serial\x2dgetty.slice.
[[0;32m  OK  [0m] Created slice system-serial\x2dgetty.slice.
[    6.880331] systemd[1]: Listening on Journal Socket.
[[0;32m  OK  [0m] Listening on Journal Socket.
[    6.900174] systemd[1]: Starting Nameserver information manager...
         Starting Nameserver information manager...
[    6.909125] systemd[1]: Starting Set console keymap...
         Starting Set console keymap...
[    6.917785] systemd[1]: Starting Uncomplicated firewall...
         Starting Uncomplicated firewall...
[    6.929250] systemd[1]: Mounting POSIX Message Queue File System...
         Mounting POSIX Message Queue File System...
[    6.939181] systemd[1]: Starting File System Check on Root Device...
         Starting File System Check on Root Device...
[    6.951437] systemd[1]: Starting Create list of required static device nodes for the current kernel...
         Starting Create list of required st... nodes for the current kernel...
[    6.965607] systemd[1]: Starting Monitoring of LVM2 mirrors, snapshots etc. using dmeventd or progress polling...
         Starting Monitoring of LVM2 mirrors... dmeventd or progress polling...
[    6.981119] systemd[1]: Mounting Debug File System...
         Mounting Debug File System...
[    6.992183] random: nonblocking pool is initialized
[    6.998320] systemd[1]: Starting Load Kernel Modules...
         Starting Load Kernel Modules...
[    7.006682] systemd[1]: Mounting Huge Pages File System...
         Mounting Huge Pages File System...
[    7.015549] systemd[1]: Reached target User and Group Name Lookups.
[[0;32m  OK  [0m] Reached target User and Group Name Lookups.
[    7.028378] Loading iSCSI transport class v2.0-870.
[    7.033914] systemd[1]: Starting Journal Service...
         Starting Journal Service...
[    7.043601] systemd[1]: Mounted Huge Pages File System.
[[0;32m  OK  [0m] Mounted Huge Pages File System.
[    7.050629] systemd[1]: Mounted POSIX Message Queue File System.
[[0;32m  OK  [0m] Mounted POSIX Message Queue File System.
[    7.060801] systemd[1]: Mounted Debug File System.
[[0;32m  OK  [0m] Mounted Debug File System.
[    7.072176] iscsi: registered transport (tcp)
[    7.086172] systemd[1]: Started Set console keymap.
[[0;32m  OK  [0m] Started Set console keymap.
[    7.098457] systemd[1]: Started Uncomplicated firewall.
[[0;32m  OK  [0m] Started Uncomplicated firewall.
[    7.108301] systemd[1]: Started File System Check on Root Device.
[[0;32m  OK  [0m] Started File System Check on Root Device.
[    7.117465] systemd[1]: Started Create list of required static device nodes for the current kernel.
[[0;32m  OK  [0m] Started Create list of required sta...ce nodes for the current kernel.
[    7.143742] iscsi: registered transport (iser)
[    7.148309] systemd[1]: Started Nameserver information manager.
[[0;32m  OK  [0m] Started Nameserver information manager.
[    7.156081] systemd[1]: Started Load Kernel Modules.
[[0;32m  OK  [0m] Started Load Kernel Modules.
[    7.163826] systemd[1]: Started Journal Service.
[[0;32m  OK  [0m] Started Journal Service.
[[0;32m  OK  [0m] Started File System Check Daemon to report status.
[[0;32m  OK  [0m] Started LVM2 metadata daemon.
         Starting Apply Kernel Variables...
         Mounting FUSE Control File System...
         Starting Create Static Device Nodes in /dev...
         Starting Remount Root and Kernel File Systems...
[[0;32m  OK  [0m] Mounted FUSE Control File System.
[[0;32m  OK  [0m] Started Apply Kernel Variables.
[[0;32m  OK  [0m] Started Remount Root and Kernel File Systems.
[[0;32m  OK  [0m] Started Create Static Device Nodes in /dev.
         Starting udev Kernel Device Manager...
         Starting Flush Journal to Persistent Storage...
         Starting Load/Save Random Seed...
         Starting udev Coldplug all Devices...
[[0;32m  OK  [0m] Started Load/Save Random Seed.
[[0;32m  OK  [0m] Started Flush Journal to Persistent Storage.
[[0;32m  OK  [0m] Started udev Kernel Device Manager.
[[0;32m  OK  [0m] Started udev Coldplug all Devices.
[[0;32m  OK  [0m] Started Dispatch Password Requests to Console Directory Watch.
[[0;32m  OK  [0m] Started Monitoring of LVM2 mirrors,...ng dmeventd or progress polling.
[[0;32m  OK  [0m] Reached target Local File Systems (Pre).
[[0;32m  OK  [0m] Reached target Local File Systems.
         Starting Create Volatile Files and Directories...
         Starting Initial cloud-init job (pre-networking)...
         Starting Tell Plymouth To Write Out Runtime Data...
         Starting Set console font and keymap...
         Starting Commit a transient machine-id on disk...
         Starting LSB: AppArmor initialization...
[[0;32m  OK  [0m] Started Create Volatile Files and Directories.
[[0;32m  OK  [0m] Found device /dev/ttyS0.
         Starting Update UTMP about System Boot/Shutdown...
[[0;32m  OK  [0m] Started Tell Plymouth To Write Out Runtime Data.
[[0;32m  OK  [0m] Started Update UTMP about System Boot/Shutdown.
[[0;32m  OK  [0m] Listening on Load/Save RF Kill Switch Status /dev/rfkill Watch.
[[0;32m  OK  [0m] Started Commit a transient machine-id on disk.
[    8.081036] cloud-init[514]: Cloud-init v. 21.1-19-gbad84ad4-0ubuntu1~16.04.2 running 'init-local' at Sun, 23 Apr 2023 20:27:55 +0000. Up 7.60 seconds.
[[0;32m  OK  [0m] Started Initial cloud-init job (pre-networking).
[[0;32m  OK  [0m] Started LSB: AppArmor initialization.
         Starting Load AppArmor profiles managed internally by snapd...
[[0;32m  OK  [0m] Reached target Network (Pre).
         Starting Raise network interfaces...
[[0;32m  OK  [0m] Started Load AppArmor profiles managed internally by snapd.
[[0;32m  OK  [0m] Started Set console font and keymap.
[[0;32m  OK  [0m] Created slice system-getty.slice.
[[0;32m  OK  [0m] Started Raise network interfaces.
         Starting Initial cloud-init job (metadata service crawler)...
[[0;32m  OK  [0m] Reached target Network.
[   10.049080] cloud-init[957]: Cloud-init v. 21.1-19-gbad84ad4-0ubuntu1~16.04.2 running 'init' at Sun, 23 Apr 2023 20:27:57 +0000. Up 9.45 seconds.
[   10.054561] cloud-init[957]: ci-info: ++++++++++++++++++++++++++++++++++++++Net device info+++++++++++++++++++++++++++++++++++++++
[   10.068207] cloud-init[957]: ci-info: +--------+-------+----------------------------+---------------+--------+-------------------+
[   10.077956] cloud-init[957]: ci-info: | Device |   Up  |          Address           |      Mask     | Scope  |     Hw-Address    |
[   10.088802] cloud-init[957]: ci-info: +--------+-------+----------------------------+---------------+--------+-------------------+
[   10.101135] cloud-init[957]: ci-info: | enp0s3 |  True |         10.0.2.15          | 255.255.255.0 | global | 02:be:82:6b:cc:1d |
[   10.112528] cloud-init[957]: ci-info: | enp0s3 |  True | fe80::be:82ff:fe6b:cc1d/64 |       .       |  link  | 02:be:82:6b:cc:1d |
[   10.117571] cloud-init[957]: ci-info: | enp0s8 | False |             .              |       .       |   .    | 08:00:27:46:8e:09 |
[   10.121960] cloud-init[957]: ci-info: |   lo   |  True |         127.0.0.1          |   255.0.0.0   |  host  |         .         |
[   10.126407] cloud-init[957]: ci-info: |   lo   |  True |          ::1/128           |       .       |  host  |         .         |
[   10.130827] cloud-init[957]: ci-info: +--------+-------+----------------------------+---------------+--------+-------------------+
[   10.135851] cloud-init[957]: ci-info: +++++++++++++++++++++++++++Route IPv4 info++++++++++++++++++++++++++++
[[0;32m  OK  [0m] Started Initial cloud-init job (metadata service crawler).
[[0;32m  OK  [0m] Reached target Cloud-config availability.
[[0;32m  OK  [0m] Reached target Network is Online.
[   10.139679] cloud-init[957]: ci-info: +-------+-------------+----------+---------------+-----------+-------+
[   10.147668] cloud-init[957]: ci-info: | Route | Destination | Gateway  |    Genmask    | Interface | Flags |
         Starting iSCSI initiator daemon (iscsid)...
[[0;32m  OK  [0m] Reached target System Initialization.
[[0;32m  OK  [0m] Listening on ACPID Listen Socket.
[[0;32m  OK  [0m] Started Ubuntu Advantage update messaging.
[[0;32m  OK  [0m] Started Daily apt download activities.
[[0;32m  OK  [0m] Started Daily Cleanup of Temporary Directories.
[[0;32m  OK  [0m] Listening on D-Bus System Message Bus Socket.
[[0;32m  OK  [0m] Started Daily apt upgrade and clean activities.
[[0;32m  OK  [0m] Started Message of the Day.
[[0;32m  OK  [0m] Reached target Timers.
[   10.151459] cloud-init[957]: ci-info: +-------+-------------+----------+---------------+-----------+-------+
[   10.168903] cloud-init         Starting LXD - unix socket.
[[0;32m  OK  [0m] Listening on UUID daemon activation socket.
         Starting Socket activation for snappy daemon.
[957]: ci-info: |   0   |   0.0.0.0   | 10.0.2.2 |    0.0.0.0    |   enp0s3  |   UG  |
[   10.176464] cloud-init[957]: ci-info: |   1   |   10.0.2.0  | 0.0.0.0  | 255.255.255.0 |   enp0s3  |   U   |
[   10.176787] cloud-init[957]: ci-info: +-------+-------------+----------+---------------+-----------+-------+
[   10.177087] cloud-init[957]: ci-info: +++++++++++++++++++Route IPv6 info+++++++++++++++++++
[   10.177406] cloud-init[957]: ci-info: +-------+-------------+---------+-----------+-------+
[   10.177720] cloud-init[957]: ci-info: | Route | Destination | Gateway | Interface | Flags |
[   10.178045] cloud-init[957]: ci-info: +-------+-------------+---------+-----------+-------+
[   10.178338] cloud-init[957]: ci-info: |   0   |  fe80::/64  |    ::   |   enp0s3  |   U   |
[   10.178638] cloud-init[957]: ci-info: |   3   |   ff00::/8  |    ::   |   enp0s3  |   U   |
[   10.178711] cloud-init[957]: ci-info: +-------+-------------+---------+-----------+-------+
[   10.179096] cloud-init[957]: Generating public/private rsa key pair.
[   10.179377] cloud-init[957]: Your identification has been saved in /etc/ssh/ssh_host_rsa_key.
[   10.179684] cloud-init[957]: Your public key has been saved in /etc/ssh/ssh_host_rsa_key.pub.
[[0;32m  OK  [0m] Started ACPI Events Check.
[[0;32m  OK  [0m] Reached target Paths.
[[0;32m  OK  [0m] Listening on LXD - unix socket.
[[0;32m  OK  [0m] Listening on Socket activation for snappy daemon.
[[0;32m  OK  [0m] Reached target Sockets.
[[0;32m  OK  [0m] Reached target Basic System.
[[0;32m  OK  [0m] Started D-Bus System Message Bus.
[   10.179997] cloud-init[957]: The key fingerprint is:
[   10.211562] cloud-init[957]: SHA256:ubVfpALPkgAzgTiYZRP2lU7ElN/H1oteBnYLt+7tDXU root@ubuntu-xenial
[   10.216535] cloud-init[957]: The key's randomart image is:
[   10.221986] cloud-init[957]: +---[RSA 2048]----+
[   10.227210] cloud-init[957]: |.+*o.++o         |
[   10.232359] cloud-init[957]: |=o.o o=          |
[   10.237601] cloud-init[957]: | .  =o . . . .   |
         Starting Login Service...
[   10.242977] [[0;32m  OK  [0m] Started Deferred execution scheduler.
[[0;32m  OK  [0m] Started ACPI event daemon.
[[0;32m  OK  [0m] Started FUSE filesystem for LXC.
cloud-init         Starting LXD - container startup/shutdown...
         Starting LSB: MD monitoring daemon...
         Starting /etc/rc.local Compatibility...
[957]:          Starting Snap Daemon...
         Starting Virtualbox guest utils...
         Starting Pollinate to seed the pseudo random number generator...
         Starting LSB: Record successful boot for GRUB...
         Starting System Logging Service...
|     +. ... B +  |
[   10.311241] [[0;32m  OK  [0m] Started Regular background program processing daemon.
cloud-init[957]: |      . S .+ *.+E|
         Starting Accounts Service...
[[0;32m  OK  [0m] Started System Logging Service.
[[0;32m  OK  [0m] Started /etc/rc.local Compatibility.
[[0;32m  OK  [0m] Started iSCSI initiator daemon (iscsid).
[   10.345795] cloud-init[957]: |       . B ..o*..|
[   10.349065] cloud-init[957]: |        + =..+o  |
[   10.354479] cloud-init[957]: |         . o...o.|         Starting Login to default iSCSI targets...
[[0;32m  OK  [0m] Started Login Service.

[[0;32m  OK  [0m] Started Unattended Upgrades Shutdown.
[[0;32m  OK  [0m] Started LSB: MD monitoring daemon.
[[0;32m  OK  [0m] Started LSB: Record successful boot for GRUB.
[   10.421173] cloud-init[957]: |            ....+|
[   10.432590] cloud-init[957]: +----[SHA256]-----+
[[0;32m  OK  [0m] Started Login to default iSCSI targets.
[[0;32m  OK  [0m] Reached target Remote File Systems (Pre).
[[0;32m  OK  [0m] Reached target Remote File Systems.
         Starting Permit User Sessions...
         Starting LSB: Set the CPU Frequency Scaling governor to "ondemand"...
         Starting LSB: automatic crash report generation...
         Starting LSB: daemon to balance interrupts for SMP systems...
[[0;32m  OK  [0m] Started Permit User Sessions.
[   10.494330] cloud-init[957]: Generating public/private dsa key pair.
[   10.530230] cloud-init[957]: Your identification has been saved in /etc/ssh/ssh_host_dsa_key.
[   10.534506] cloud-init[957]: Your public key has been saved in /etc/ssh/ssh_host_dsa_key.pub.
[   10.538860] cloud-init[957]: The key fingerprint is:
[   10.552762] cloud-init[957]: SHA256:pHn8v4QYlDRXm5zN6Kk6MvMqLD/XeapirPgXR/20Xy4 root@ubuntu-xenial
[   10.560416] cloud-init[957]: The key's randomart image is:
[   10.564366] cloud-init[957]: +---[DSA 1024]----+
[   10.566970] cloud-init[957]: |        o ...    |
[   10.569861] cloud-init[957]: |       . + . B   |
[   10.573472] cloud-init[957]: |       .+   * o  |
[   10.577752] cloud-init[957]: |      .*. .. .   |
         Starting Authenticate and Authorize Users to Run Privileged Tasks...
         Starting Hold until boot process finishes up...
         Starting Terminate Plymouth Boot Screen...
[   10.584522] cloud-init[957]: |     .o So .o    |
[[   10.608609] cloud-init[957]: |    . .. +oo  .  |
[0;32m  OK  [0m] Started LSB: Set the CPU Frequency Scaling governor to "ondemand".
[   10.612116] cloud-init[957]: |   o o ...+..o   |
[   10.621829] cloud-init[957]: | .. O = +..oE .  |
[   10.622808] cloud-init[957]: |..o*.=oB++  oo   |
[   10.623133] cloud-init[957]: +----[SHA256]-----+
[   10.623458] cloud-init[957]: Generating public/private ecdsa key pair.
[   10.623785] cloud-init[957]: Your identification has been saved in /etc/ssh/ssh_host_ecdsa_key.
[   10.624455] cloud-init[957]: Your public key has been saved in /etc/ssh/ssh_host_ecdsa_key.pub.
[   10.624751] cloud-init[957]: The key fingerprint is:
[[0;32m  OK  [0m] Started LSB: automatic crash report generation.
[[0;32m  OK  [0m] Started LSB: daemon to balance interrupts for SMP systems.
[[0;32m  OK  [0m] Started Hold until boot process finishes up.
[[0;32m  OK  [0m] Started Terminate Plymouth Boot Screen.
[   10.625057] cloud-init[957]: SHA256:BEK3fMoJ0JcqwWMM3jzYg7hVQEddOG1KQVM228gdvss root@ubuntu-xenial
[   10.668518] cloud-init[957]: The key's randomart image is:
         Starting Set console scheme...
[[0;32m  OK  [0m] Started Serial Getty on ttyS0.
[[0;32m  OK  [0m] Started Getty on tty1.
[   10.687944] [[0;32m  OK  [0m] Reached target Login Prompts.
[[0;32m  OK  [0m] Started Virtualbox guest utils.
[[0;32m  OK  [0m] Started Set console scheme.
[[0;32m  OK  [0m] Started Authenticate and Authorize Users to Run Privileged Tasks.
[[0;32m  OK  [0m] Started Accounts Service.
cloud-init[957]: +---[ECDSA 256]---+
[   10.712128] cloud-init[957]: [[0;32m  OK  [0m] Started LXD - container startup/shutdown.
|.=+=*o*B= .      |
[   10.721152] cloud-init[957]: |o %+.+B*oB .     |
[   10.726211] cloud-init[957]: |.=.O.+o+* +      |
[   10.730884] cloud-init[957]: | o. +o.=   .     |
[   10.737265] cloud-init[957]: |.  .  + S .      |
[   10.744107] cloud-init[957]: |         . .     |
[   10.749787] cloud-init[957]: |          E      |
[   10.753587] cloud-init[957]: |                 |
[   10.758279] cloud-init[957]: |                 |
[   10.763111] cloud-init[957]: +----[SHA256]-----+
[   10.767065] cloud-init[957]: Generating public/private ed25519 key pair.
[   10.770425] cloud-init[957]: Your identification has been saved in /etc/ssh/ssh_host_ed25519_key.
[   10.776447] cloud-init[957]: Your public key has been saved in /etc/ssh/ssh_host_ed25519_key.pub.
[   10.783144] cloud-init[957]: The key fingerprint is:
[   10.788153] cloud-init[957]: SHA256:JhDGLJcjUd1pmh1PE83NLY8QoqO38GHFqNhzrqdn9S0 root@ubuntu-xenial
[   10.795947] cloud-init[957]: The key's randomart image is:
[   10.803841] cloud-init[957]: +--[ED25519 256]--+
[   10.811447] cloud-init[957]: |  .=+o . .o+.+ . |
[   10.816773] cloud-init[957]: |  o.*.. =+o.+ + .|
[   10.821287] cloud-init[957]: |   +.. =++o. . + |
[   10.825515] cloud-init[957]: |     +oo.o.   . .|
[   10.829908] cloud-init[957]: |    . B S        |
[   10.833238] cloud-init[957]: |       @ o.      |
[   10.838075] cloud-init[957]: |        +. . .   |
[   10.842040] cloud-init[957]: |       .+   E .  |
[   10.845612] cloud-init[957]: |      o=     .   |
[   10.849540] cloud-init[957]: +----[SHA256]-----+
[[0;32m  OK  [0m] Started Pollinate to seed the pseudo random number generator.
         Starting OpenBSD Secure Shell server...
[[0;32m  OK  [0m] Started OpenBSD Secure Shell server.
[[0;32m  OK  [0m] Started Snap Daemon.
         Starting Wait until snapd is fully seeded...
[[0;32m  OK  [0m] Started Wait until snapd is fully seeded.
         Starting Apply the settings specified in cloud-config...
[[0;32m  OK  [0m] Reached target Multi-User System.
[[0;32m  OK  [0m] Reached target Graphical Interface.
         Starting Update UTMP about System Runlevel Changes...
[[0;32m  OK  [0m] Started Update UTMP about System Runlevel Changes.
[   11.485006] cloud-init[1307]: Generating locales (this might take a while)...
[[0;32m  OK  [0m] Created slice User Slice of vagrant.
         Starting User Manager for UID 1000...
[[0;32m  OK  [0m] Started Session 1 of user vagrant.
[[0;32m  OK  [0m] Started User Manager for UID 1000.
[   12.676312] cloud-init[1307]:   en_US.UTF-8... done
[   12.686229] cloud-init[1307]: Generation complete.
[   13.088813] cloud-init[1307]: Cloud-init v. 21.1-19-gbad84ad4-0ubuntu1~16.04.2 running 'modules:config' at Sun, 23 Apr 2023 20:27:59 +0000. Up 11.37 seconds.
[[0;32m  OK  [0m] Started Apply the settings specified in cloud-config.
         Starting Execute cloud user/final scripts...
ci-info: no authorized SSH keys fingerprints found for user ubuntu.
<14>Apr 23 20:28:01 ec2: 
<14>Apr 23 20:28:01 ec2: #############################################################
<14>Apr 23 20:28:01 ec2: -----BEGIN SSH HOST KEY FINGERPRINTS-----
<14>Apr 23 20:28:01 ec2: 1024 SHA256:pHn8v4QYlDRXm5zN6Kk6MvMqLD/XeapirPgXR/20Xy4 root@ubuntu-xenial (DSA)
<14>Apr 23 20:28:01 ec2: 256 SHA256:BEK3fMoJ0JcqwWMM3jzYg7hVQEddOG1KQVM228gdvss root@ubuntu-xenial (ECDSA)
<14>Apr 23 20:28:01 ec2: 256 SHA256:JhDGLJcjUd1pmh1PE83NLY8QoqO38GHFqNhzrqdn9S0 root@ubuntu-xenial (ED25519)
<14>Apr 23 20:28:01 ec2: 2048 SHA256:ubVfpALPkgAzgTiYZRP2lU7ElN/H1oteBnYLt+7tDXU root@ubuntu-xenial (RSA)
<14>Apr 23 20:28:01 ec2: -----END SSH HOST KEY FINGERPRINTS-----
<14>Apr 23 20:28:01 ec2: #############################################################
-----BEGIN SSH HOST KEY KEYS-----
ecdsa-sha2-nistp256 AAAAE2VjZHNhLXNoYTItbmlzdHAyNTYAAAAIbmlzdHAyNTYAAABBBFC/elSYfEhJgaGAjk0U0kg6er07hJCn5mYdXcTe8Q2WnbbjPhULsTzT5+nAGkUqy4h87U52Y9Is8VzWD7NevwM= root@ubuntu-xenial
ssh-ed25519 AAAAC3NzaC1lZDI1NTE5AAAAIAedU8o6pVsHaHzsvWbWYdux8xsfdtgsNe0rEQIaihJJ root@ubuntu-xenial
ssh-rsa AAAAB3NzaC1yc2EAAAADAQABAAABAQCucq20oaEYtyXGzDRb7u9jhEUHueWACUXt5c9IiR6iXxRfp5miXypefHXfLZPz57o7n7kGqzOfo871w6TPbNMlTE8F3fWXMUNjY88A37mZYPlppHzBlokFuc5XxUHN/UuGZH1j6jS5k0LsEE80gGRXz+kE/iB354XeBGBOHYcQOckK+/tYIYDs4MRJBipjzttkuwUqFU65/swkaOobu1si4CRXhtoJqNRbTxj79C4lsrlN/F21paE73nX4otGM7+lqPOuKs2ltF3TZ85qvNHJggSRyHXIXz3Vcxc1LYhVKHEYYVsUDknhPm1R1RUZVrawiadYoAOvd4eIgTtq+lhib root@ubuntu-xenial
-----END SSH HOST KEY KEYS-----
[   13.727591] cloud-init[1484]: Cloud-init v. 21.1-19-gbad84ad4-0ubuntu1~16.04.2 running 'modules:final' at Sun, 23 Apr 2023 20:28:01 +0000. Up 13.50 seconds.
[   13.734613] cloud-init[1484]: ci-info: no authorized SSH keys fingerprints found for user ubuntu.
[   13.740119] cloud-init[1484]: Cloud-init v. 21.1-19-gbad84ad4-0ubuntu1~16.04.2 finished at Sun, 23 Apr 2023 20:28:01 +0000. Datasource DataSourceNoCloud [seed=/dev/sdb][dsmode=net].  Up 13.71 seconds
[[0;32m  OK  [0m] Started Execute cloud user/final scripts.
[[0;32m  OK  [0m] Reached target Cloud-init target.

Ubuntu 16.04.7 LTS ubuntu-xenial ttyS0

ubuntu-xenial login: 