[    0.000000] Initializing cgroup subsys cpuset
[    0.000000] Initializing cgroup subsys cpu
[    0.000000] Initializing cgroup subsys cpuacct
[    0.000000] Linux version 4.4.0-210-generic (buildd@lgw01-amd64-009) (gcc version 5.4.0 20160609 (Ubuntu 5.4.0-6ubuntu1~16.04.12) ) #242-Ubuntu SMP Fri Apr 16 09:57:56 UTC 2021 (Ubuntu 4.4.0-210.242-generic 4.4.262)
[    0.000000] Command line: BOOT_IMAGE=/boot/vmlinuz-4.4.0-210-generic root=LABEL=cloudimg-rootfs ro console=tty1 console=ttyS0
[    0.000000] KERNEL supported cpus:
[    0.000000]   Intel GenuineIntel
[    0.000000]   AMD AuthenticAMD
[    0.000000]   Centaur CentaurHauls
[    0.000000] x86/fpu: xstate_offset[2]:  576, xstate_sizes[2]:  256
[    0.000000] x86/fpu: Supporting XSAVE feature 0x01: 'x87 floating point registers'
[    0.000000] x86/fpu: Supporting XSAVE feature 0x02: 'SSE registers'
[    0.000000] x86/fpu: Supporting XSAVE feature 0x04: 'AVX registers'
[    0.000000] x86/fpu: Enabled xstate features 0x7, context size is 832 bytes, using 'standard' format.
[    0.000000] e820: BIOS-provided physical RAM map:
[    0.000000] BIOS-e820: [mem 0x0000000000000000-0x000000000009fbff] usable
[    0.000000] BIOS-e820: [mem 0x000000000009fc00-0x000000000009ffff] reserved
[    0.000000] BIOS-e820: [mem 0x00000000000f0000-0x00000000000fffff] reserved
[    0.000000] BIOS-e820: [mem 0x0000000000100000-0x000000003ffeffff] usable
[    0.000000] BIOS-e820: [mem 0x000000003fff0000-0x000000003fffffff] ACPI data
[    0.000000] BIOS-e820: [mem 0x00000000fec00000-0x00000000fec00fff] reserved
[    0.000000] BIOS-e820: [mem 0x00000000fee00000-0x00000000fee00fff] reserved
[    0.000000] BIOS-e820: [mem 0x00000000fffc0000-0x00000000ffffffff] reserved
[    0.000000] NX (Execute Disable) protection: active
[    0.000000] SMBIOS 2.5 present.
[    0.000000] Hypervisor detected: KVM
[    0.000000] e820: last_pfn = 0x3fff0 max_arch_pfn = 0x400000000
[    0.000000] MTRR: Disabled
[    0.000000] x86/PAT: MTRRs disabled, skipping PAT initialization too.
[    0.000000] CPU MTRRs all blank - virtualized system.
[    0.000000] x86/PAT: Configuration [0-7]: WB  WT  UC- UC  WB  WT  UC- UC  
[    0.000000] found SMP MP-table at [mem 0x0009fff0-0x0009ffff] mapped at [ffff88000009fff0]
[    0.000000] Scanning 1 areas for low memory corruption
[    0.000000] RAMDISK: [mem 0x362dc000-0x37165fff]
[    0.000000] ACPI: Early table checksum verification disabled
[    0.000000] ACPI: RSDP 0x00000000000E0000 000024 (v02 VBOX  )
[    0.000000] ACPI: XSDT 0x000000003FFF0030 00003C (v01 VBOX   VBOXXSDT 00000001 ASL  00000061)
[    0.000000] ACPI: FACP 0x000000003FFF00F0 0000F4 (v04 VBOX   VBOXFACP 00000001 ASL  00000061)
[    0.000000] ACPI: DSDT 0x000000003FFF0610 002353 (v02 VBOX   VBOXBIOS 00000002 INTL 20200528)
[    0.000000] ACPI: FACS 0x000000003FFF0200 000040
[    0.000000] ACPI: FACS 0x000000003FFF0200 000040
[    0.000000] ACPI: APIC 0x000000003FFF0240 000054 (v02 VBOX   VBOXAPIC 00000001 ASL  00000061)
[    0.000000] ACPI: SSDT 0x000000003FFF02A0 00036C (v01 VBOX   VBOXCPUT 00000002 INTL 20200528)
[    0.000000] No NUMA configuration found
[    0.000000] Faking a node at [mem 0x0000000000000000-0x000000003ffeffff]
[    0.000000] NODE_DATA(0) allocated [mem 0x3ffeb000-0x3ffeffff]
[    0.000000] kvm-clock: Using msrs 4b564d01 and 4b564d00
[    0.000000] kvm-clock: cpu 0, msr 0:3ffe3001, primary cpu clock
[    0.000000] kvm-clock: using sched offset of 3409339135 cycles
[    0.000000] clocksource: kvm-clock: mask: 0xffffffffffffffff max_cycles: 0x1cd42e4dffb, max_idle_ns: 881590591483 ns
[    0.000000] Zone ranges:
[    0.000000]   DMA      [mem 0x0000000000001000-0x0000000000ffffff]
[    0.000000]   DMA32    [mem 0x0000000001000000-0x000000003ffeffff]
[    0.000000]   Normal   empty
[    0.000000]   Device   empty
[    0.000000] Movable zone start for each node
[    0.000000] Early memory node ranges
[    0.000000]   node   0: [mem 0x0000000000001000-0x000000000009efff]
[    0.000000]   node   0: [mem 0x0000000000100000-0x000000003ffeffff]
[    0.000000] Initmem setup node 0 [mem 0x0000000000001000-0x000000003ffeffff]
[    0.000000] ACPI: PM-Timer IO Port: 0x4008
[    0.000000] IOAPIC[0]: apic_id 1, version 32, address 0xfec00000, GSI 0-23
[    0.000000] ACPI: INT_SRC_OVR (bus 0 bus_irq 0 global_irq 2 dfl dfl)
[    0.000000] ACPI: INT_SRC_OVR (bus 0 bus_irq 9 global_irq 9 low level)
[    0.000000] Using ACPI (MADT) for SMP configuration information
[    0.000000] smpboot: Allowing 1 CPUs, 0 hotplug CPUs
[    0.000000] PM: Registered nosave memory: [mem 0x00000000-0x00000fff]
[    0.000000] PM: Registered nosave memory: [mem 0x0009f000-0x0009ffff]
[    0.000000] PM: Registered nosave memory: [mem 0x000a0000-0x000effff]
[    0.000000] PM: Registered nosave memory: [mem 0x000f0000-0x000fffff]
[    0.000000] e820: [mem 0x40000000-0xfebfffff] available for PCI devices
[    0.000000] Booting paravirtualized kernel on KVM
[    0.000000] clocksource: refined-jiffies: mask: 0xffffffff max_cycles: 0xffffffff, max_idle_ns: 7645519600211568 ns
[    0.000000] setup_percpu: NR_CPUS:512 nr_cpumask_bits:512 nr_cpu_ids:1 nr_node_ids:1
[    0.000000] PERCPU: Embedded 33 pages/cpu @ffff88003fc00000 s95192 r8192 d31784 u2097152
[    0.000000] Built 1 zonelists in Node order, mobility grouping on.  Total pages: 257912
[    0.000000] Policy zone: DMA32
[    0.000000] Kernel command line: BOOT_IMAGE=/boot/vmlinuz-4.4.0-210-generic root=LABEL=cloudimg-rootfs ro console=tty1 console=ttyS0
[    0.000000] PID hash table entries: 4096 (order: 3, 32768 bytes)
[    0.000000] Memory: 997924K/1048120K available (8644K kernel code, 1332K rwdata, 4044K rodata, 1492K init, 1164K bss, 50196K reserved, 0K cma-reserved)
[    0.000000] SLUB: HWalign=64, Order=0-3, MinObjects=0, CPUs=1, Nodes=1
[    0.000000] Kernel/User page tables isolation: enabled
[    0.000000] Hierarchical RCU implementation.
[    0.000000] 	Build-time adjustment of leaf fanout to 64.
[    0.000000] 	RCU restricting CPUs from NR_CPUS=512 to nr_cpu_ids=1.
[    0.000000] RCU: Adjusting geometry for rcu_fanout_leaf=64, nr_cpu_ids=1
[    0.000000] NR_IRQS:33024 nr_irqs:256 16
[    0.000000] Console: colour VGA+ 80x25
[    0.000000] console [tty1] enabled
[    0.000000] console [ttyS0] enabled
[    0.000000] tsc: Detected 1394.645 MHz processor
[    0.528874] Calibrating delay loop (skipped) preset value.. 2789.29 BogoMIPS (lpj=5578580)
[    0.534964] pid_max: default: 32768 minimum: 301
[    0.539699] ACPI: Core revision 20150930
[    0.543714] ACPI: 2 ACPI AML tables successfully acquired and loaded
[    0.549412] Security Framework initialized
[    0.552305] Yama: becoming mindful.
[    0.555286] AppArmor: AppArmor initialized
[    0.558624] Dentry cache hash table entries: 131072 (order: 8, 1048576 bytes)
[    0.566211] Inode-cache hash table entries: 65536 (order: 7, 524288 bytes)
[    0.572380] Mount-cache hash table entries: 2048 (order: 2, 16384 bytes)
[    0.577521] Mountpoint-cache hash table entries: 2048 (order: 2, 16384 bytes)
[    0.582899] Initializing cgroup subsys io
[    0.586878] Initializing cgroup subsys memory
[    0.590441] Initializing cgroup subsys devices
[    0.594816] Initializing cgroup subsys freezer
[    0.600090] Initializing cgroup subsys net_cls
[    0.604053] Initializing cgroup subsys perf_event
[    0.612950] Initializing cgroup subsys net_prio
[    0.617328] Initializing cgroup subsys hugetlb
[    0.621178] Initializing cgroup subsys pids
[    0.640611] mce: CPU supports 0 MCE banks
[    0.644682] process: using mwait in idle threads
[    0.648625] Last level iTLB entries: 4KB 64, 2MB 8, 4MB 8
[    0.652918] Last level dTLB entries: 4KB 64, 2MB 0, 4MB 0, 1GB 4
[    0.657351] Spectre V1 : Mitigation: usercopy/swapgs barriers and __user pointer sanitization
[    0.663541] Spectre V2 : Mitigation: Full generic retpoline
[    0.668124] Spectre V2 : Spectre v2 / SpectreRSB mitigation: Filling RSB on context switch
[    0.674960] Speculative Store Bypass: Vulnerable
[    0.678144] SRBDS: Unknown: Dependent on hypervisor status
[    0.682470] MDS: Mitigation: Clear CPU buffers
[    0.858692] Freeing SMP alternatives memory: 36K
[    0.937156] ftrace: allocating 32380 entries in 127 pages
[    1.475537] smpboot: APIC(0) Converting physical 0 to logical package 0
[    1.479883] smpboot: Max logical packages: 1
[    1.484890] x2apic enabled
[    1.488533] Switched APIC routing to physical x2apic.
[    1.500507] ..TIMER: vector=0x30 apic1=0 pin1=2 apic2=-1 pin2=-1
[    1.614077] APIC calibration not consistent with PM-Timer: 224ms instead of 100ms
[    1.619559] APIC delta adjusted to PM-Timer: 6265600 (14035050)
[    1.623683] smpboot: CPU0: Intel(R) Core(TM) i5-8257U CPU @ 1.40GHz (family: 0x6, model: 0x8e, stepping: 0xa)
[    1.630920] Performance Events: unsupported p6 CPU model 142 no PMU driver, software events only.
[    1.719334] KVM setup paravirtual spinlock
[    1.745348] x86: Booted up 1 node, 1 CPUs
[    1.748855] smpboot: Total of 1 processors activated (2789.29 BogoMIPS)
[    1.755346] devtmpfs: initialized
[    1.762277] evm: security.selinux
[    1.765094] evm: security.SMACK64
[    1.768367] evm: security.SMACK64EXEC
[    1.771448] evm: security.SMACK64TRANSMUTE
[    1.774611] evm: security.SMACK64MMAP
[    1.777377] evm: security.ima
[    1.779622] evm: security.capability
[    1.782528] clocksource: jiffies: mask: 0xffffffff max_cycles: 0xffffffff, max_idle_ns: 7645041785100000 ns
[    1.789887] futex hash table entries: 256 (order: 2, 16384 bytes)
[    1.794692] pinctrl core: initialized pinctrl subsystem
[    1.799788] RTC time: 20:07:23, date: 04/23/23
[    1.803323] NET: Registered protocol family 16
[    1.806676] cpuidle: using governor ladder
[    1.809852] cpuidle: using governor menu
[    1.812815] PCCT header not found.
[    1.815350] ACPI: bus type PCI registered
[    1.818245] acpiphp: ACPI Hot Plug PCI Controller Driver version: 0.5
[    1.823333] PCI: Using configuration type 1 for base access
[    1.828940] ACPI: Added _OSI(Module Device)
[    1.832209] ACPI: Added _OSI(Processor Device)
[    1.835310] ACPI: Added _OSI(3.0 _SCP Extensions)
[    1.838445] ACPI: Added _OSI(Processor Aggregator Device)
[    1.844527] ACPI: Executed 1 blocks of module-level executable AML code
[    1.853090] ACPI: Interpreter enabled
[    1.855669] ACPI: (supports S0 S5)
[    1.858223] ACPI: Using IOAPIC for interrupt routing
[    1.862226] PCI: Using host bridge windows from ACPI; if necessary, use "pci=nocrs" and report a bug
[    1.875897] ACPI: PCI Root Bridge [PCI0] (domain 0000 [bus 00-ff])
[    1.879952] acpi PNP0A03:00: _OSC: OS supports [ASPM ClockPM Segments MSI]
[    1.885602] acpi PNP0A03:00: _OSC: not requesting OS control; OS requires [ExtendedConfig ASPM ClockPM MSI]
[    1.891934] acpi PNP0A03:00: fail to add MMCONFIG information, can't access extended PCI configuration space under this bridge.
[    1.905234] PCI host bridge to bus 0000:00
[    1.908713] pci_bus 0000:00: root bus resource [io  0x0000-0x0cf7 window]
[    1.914471] pci_bus 0000:00: root bus resource [io  0x0d00-0xffff window]
[    1.920794] pci_bus 0000:00: root bus resource [mem 0x000a0000-0x000bffff window]
[    1.926811] pci_bus 0000:00: root bus resource [mem 0x40000000-0xfdffffff window]
[    1.932876] pci_bus 0000:00: root bus resource [bus 00-ff]
[    1.943265] pci 0000:00:01.1: legacy IDE quirk: reg 0x10: [io  0x01f0-0x01f7]
[    1.977912] pci 0000:00:01.1: legacy IDE quirk: reg 0x14: [io  0x03f6]
[    1.983029] pci 0000:00:01.1: legacy IDE quirk: reg 0x18: [io  0x0170-0x0177]
[    1.988362] pci 0000:00:01.1: legacy IDE quirk: reg 0x1c: [io  0x0376]
[    2.043880] pci 0000:00:07.0: quirk: [io  0x4000-0x403f] claimed by PIIX4 ACPI
[    2.048892] pci 0000:00:07.0: quirk: [io  0x4100-0x410f] claimed by PIIX4 SMB
[    2.070337] ACPI: PCI Interrupt Link [LNKA] (IRQs 5 9 10 *11)
[    2.076777] ACPI: PCI Interrupt Link [LNKB] (IRQs 5 9 *10 11)
[    2.082696] ACPI: PCI Interrupt Link [LNKC] (IRQs 5 *9 10 11)
[    2.089514] ACPI: PCI Interrupt Link [LNKD] (IRQs 5 9 10 *11)
[    2.095364] ACPI: Enabled 2 GPEs in block 00 to 07
[    2.099375] vgaarb: setting as boot device: PCI:0000:00:02.0
[    2.103306] vgaarb: device added: PCI:0000:00:02.0,decodes=io+mem,owns=io+mem,locks=none
[    2.109488] vgaarb: loaded
[    2.111735] vgaarb: bridge control possible 0000:00:02.0
[    2.115586] SCSI subsystem initialized
[    2.118345] ACPI: bus type USB registered
[    2.121129] usbcore: registered new interface driver usbfs
[    2.125011] usbcore: registered new interface driver hub
[    2.128647] usbcore: registered new device driver usb
[    2.133255] PCI: Using ACPI for IRQ routing
[    2.137400] NetLabel: Initializing
[    2.140446] NetLabel:  domain hash size = 128
[    2.143835] NetLabel:  protocols = UNLABELED CIPSOv4
[    2.147322] NetLabel:  unlabeled traffic allowed by default
[    2.151405] amd_nb: Cannot enumerate AMD northbridges
[    2.177452] clocksource: Switched to clocksource kvm-clock
[    2.195184] AppArmor: AppArmor Filesystem Enabled
[    2.198807] pnp: PnP ACPI init
[    2.203085] pnp: PnP ACPI: found 3 devices
[    2.214287] clocksource: acpi_pm: mask: 0xffffff max_cycles: 0xffffff, max_idle_ns: 2085701024 ns
[    2.220150] NET: Registered protocol family 2
[    2.223658] TCP established hash table entries: 8192 (order: 4, 65536 bytes)
[    2.228326] TCP bind hash table entries: 8192 (order: 5, 131072 bytes)
[    2.233787] TCP: Hash tables configured (established 8192 bind 8192)
[    2.239344] UDP hash table entries: 512 (order: 2, 16384 bytes)
[    2.243937] UDP-Lite hash table entries: 512 (order: 2, 16384 bytes)
[    2.248362] NET: Registered protocol family 1
[    2.253407] pci 0000:00:00.0: Limiting direct PCI/PCI transfers
[    2.257889] pci 0000:00:01.0: Activating ISA DMA hang workarounds
[    2.264444] Unpacking initramfs...
[    2.588934] Freeing initrd memory: 14888K
[    2.592771] clocksource: tsc: mask: 0xffffffffffffffff max_cycles: 0x141a5db28a7, max_idle_ns: 440795223639 ns
[    2.601102] platform rtc_cmos: registered platform RTC device (no PNP device found)
[    2.609035] Scanning for low memory corruption every 60 seconds
[    2.614636] audit: initializing netlink subsys (disabled)
[    2.620001] audit: type=2000 audit(1682280448.788:1): initialized
[    2.626522] Initialise system trusted keyring
[    2.630532] HugeTLB registered 2 MB page size, pre-allocated 0 pages
[    2.641442] zbud: loaded
[    2.647504] VFS: Disk quotas dquot_6.6.0
[    2.658576] VFS: Dquot-cache hash table entries: 512 (order 0, 4096 bytes)
[    2.664569] squashfs: version 4.0 (2009/01/31) Phillip Lougher
[    2.669033] fuse init (API version 7.23)
[    2.672213] Key type big_key registered
[    2.674902] Allocating IMA MOK and blacklist keyrings.
[    2.679276] Key type asymmetric registered
[    2.682631] Asymmetric key parser 'x509' registered
[    2.686866] Block layer SCSI generic (bsg) driver version 0.4 loaded (major 249)
[    2.692447] io scheduler noop registered
[    2.695827] io scheduler deadline registered (default)
[    2.699603] io scheduler cfq registered
[    2.705988] pci_hotplug: PCI Hot Plug PCI Core version: 0.5
[    2.711935] pciehp: PCI Express Hot Plug Controller Driver version: 0.4
[    2.726356] ACPI: AC Adapter [AC] (on-line)
[    2.756031] input: Power Button as /devices/LNXSYSTM:00/LNXPWRBN:00/input/input0
[    2.777638] ACPI: Power Button [PWRF]
[    2.780919] input: Sleep Button as /devices/LNXSYSTM:00/LNXSLPBN:00/input/input1
[    2.790033] ACPI: Sleep Button [SLPF]
[    2.796442] ACPI: Battery Slot [BAT0] (battery present)
[    2.806487] GHES: HEST is not enabled!
[    2.816374] Serial: 8250/16550 driver, 32 ports, IRQ sharing enabled
[    2.851850] 00:02: ttyS0 at I/O 0x3f8 (irq = 4, base_baud = 115200) is a 16550A
[    2.861029] Linux agpgart interface v0.103
[    2.868369] loop: module loaded
[    2.879199] scsi host0: ata_piix
[    2.882217] scsi host1: ata_piix
[    2.884577] ata1: PATA max UDMA/33 cmd 0x1f0 ctl 0x3f6 bmdma 0xd000 irq 14
[    2.889056] ata2: PATA max UDMA/33 cmd 0x170 ctl 0x376 bmdma 0xd008 irq 15
[    2.895967] libphy: Fixed MDIO Bus: probed
[    2.899524] tun: Universal TUN/TAP device driver, 1.6
[    2.903829] tun: (C) 1999-2004 Max Krasnyansky <maxk@qualcomm.com>
[    2.908066] PPP generic driver version 2.4.2
[    2.911426] ehci_hcd: USB 2.0 'Enhanced' Host Controller (EHCI) Driver
[    2.915756] ehci-pci: EHCI PCI platform driver
[    2.919788] ehci-platform: EHCI generic platform driver
[    2.923612] ohci_hcd: USB 1.1 'Open' Host Controller (OHCI) Driver
[    2.927981] ohci-pci: OHCI PCI platform driver
[    2.931177] ohci-platform: OHCI generic platform driver
[    2.934661] uhci_hcd: USB Universal Host Controller Interface driver
[    2.940229] i8042: PNP: PS/2 Controller [PNP0303:PS2K,PNP0f03:PS2M] at 0x60,0x64 irq 1,12
[    2.948741] serio: i8042 KBD port at 0x60,0x64 irq 1
[    2.952986] serio: i8042 AUX port at 0x60,0x64 irq 12
[    2.956871] mousedev: PS/2 mouse device common for all mice
[    2.962595] input: AT Translated Set 2 keyboard as /devices/platform/i8042/serio0/input/input2
[    2.971025] rtc_cmos rtc_cmos: rtc core: registered rtc_cmos as rtc0
[    2.977087] rtc_cmos rtc_cmos: alarms up to one day, 114 bytes nvram
[    2.988865] i2c /dev entries driver
[    3.001905] device-mapper: uevent: version 1.0.3
[    3.013653] device-mapper: ioctl: 4.34.0-ioctl (2015-10-28) initialised: dm-devel@redhat.com
[    3.020761] ledtrig-cpu: registered to indicate activity on CPUs
[    3.025741] NET: Registered protocol family 10
[    3.029685] NET: Registered protocol family 17
[    3.106510] Key type dns_resolver registered
[    3.111832] registered taskstats version 1
[    3.115979] Loading compiled-in X.509 certificates
[    3.120038] Loaded X.509 cert 'Build time autogenerated kernel key: cf00e047681d67edb2720680708b7d9498083038'
[    3.127237] zswap: loaded using pool lzo/zbud
[    3.132615] Key type trusted registered
[    3.139601] Key type encrypted registered
[    3.142629] AppArmor: AppArmor sha1 policy hashing enabled
[    3.146822] ima: No TPM chip found, activating TPM-bypass!
[    3.151715] ima: Allocated hash algorithm: sha1
[    3.155445] evm: HMAC attrs: 0x1
[    3.159109]   Magic number: 3:902:144
[    3.162555] ata_port ata1: hash matches
[    3.166324]  ata1: hash matches
[    3.169724] rtc_cmos rtc_cmos: setting system clock to 2023-04-23 20:07:25 UTC (1682280445)
[    3.175683] BIOS EDD facility v0.16 2004-Jun-25, 0 devices found
[    3.180756] EDD information not available.
[    3.186010] Freeing unused kernel memory: 1492K
[    3.190067] Write protecting the kernel read-only data: 14336k
[    3.195122] Freeing unused kernel memory: 1584K
[    3.199056] Freeing unused kernel memory: 52K
Loading, please wait...
starting version 229
[    3.226229] random: udevadm: uninitialized urandom read (16 bytes read, 5 bits of entropy available)
[    3.233204] random: systemd-udevd: uninitialized urandom read (16 bytes read, 5 bits of entropy available)
[    3.240465] random: systemd-udevd: uninitialized urandom read (16 bytes read, 5 bits of entropy available)
[    3.247590] random: systemd-udevd: uninitialized urandom read (16 bytes read, 5 bits of entropy available)
[    3.255684] random: udevadm: uninitialized urandom read (16 bytes read, 5 bits of entropy available)
[    3.269508] random: systemd-udevd: uninitialized urandom read (16 bytes read, 5 bits of entropy available)
[    3.281984] random: udevadm: uninitialized urandom read (16 bytes read, 5 bits of entropy available)
[    3.288290] random: udevadm: uninitialized urandom read (16 bytes read, 5 bits of entropy available)
[    3.294756] random: systemd-udevd: uninitialized urandom read (16 bytes read, 5 bits of entropy available)
[    3.302830] random: systemd-udevd: uninitialized urandom read (16 bytes read, 5 bits of entropy available)
[    3.413700] Fusion MPT base driver 3.04.20
[    3.416873] Copyright (c) 1999-2008 LSI Corporation
[    3.422273] e1000: Intel(R) PRO/1000 Network Driver - version 7.3.21-k8-NAPI
[    3.426957] e1000: Copyright (c) 1999-2006 Intel Corporation.
[    3.485565] AVX2 version of gcm_enc/dec engaged.
[    3.489133] AES CTR mode by8 optimization enabled
[    3.507386] Fusion MPT SPI Host driver 3.04.20
[    3.685459] input: ImExPS/2 Generic Explorer Mouse as /devices/platform/i8042/serio1/input/input4
[    4.081623] e1000 0000:00:03.0 eth0: (PCI:33MHz:32-bit) 02:be:82:6b:cc:1d
[    4.088081] e1000 0000:00:03.0 eth0: Intel(R) PRO/1000 Network Connection
[    4.095971] mptbase: ioc0: Initiating bringup
[    4.171573] ioc0: LSI53C1030 A0: Capabilities={Initiator}
[    4.356052] scsi host2: ioc0: LSI53C1030 A0, FwRev=00000000h, Ports=1, MaxQ=256, IRQ=20
[    4.477844] scsi 2:0:0:0: Direct-Access     VBOX     HARDDISK         1.0  PQ: 0 ANSI: 5
[    4.486070] scsi target2:0:0: Beginning Domain Validation
[    4.495750] scsi target2:0:0: Domain Validation skipping write tests
[    4.501471] scsi target2:0:0: Ending Domain Validation
[    4.524918] scsi target2:0:0: asynchronous
[    4.581420] scsi 2:0:1:0: Direct-Access     VBOX     HARDDISK         1.0  PQ: 0 ANSI: 5
[    4.607341] scsi target2:0:1: Beginning Domain Validation
[    4.670679] scsi target2:0:1: Domain Validation skipping write tests
[    4.676329] scsi target2:0:1: Ending Domain Validation
[    4.700028] scsi target2:0:1: asynchronous
[    4.991139] sd 2:0:0:0: Attached scsi generic sg0 type 0
[    4.995990] sd 2:0:0:0: [sda] 83886080 512-byte logical blocks: (42.9 GB/40.0 GiB)
[    5.009822] sd 2:0:1:0: [sdb] 20480 512-byte logical blocks: (10.5 MB/10.0 MiB)
[    5.016128] sd 2:0:1:0: Attached scsi generic sg1 type 0
[    5.021331] sd 2:0:1:0: [sdb] Write Protect is off
[    5.025844] sd 2:0:0:0: [sda] Write Protect is off
[    5.037233] sd 2:0:1:0: [sdb] Incomplete mode parameter data
[    5.041974] sd 2:0:1:0: [sdb] Assuming drive cache: write through
[    5.059845] sd 2:0:0:0: [sda] Incomplete mode parameter data
[    5.064744] sd 2:0:0:0: [sda] Assuming drive cache: write through
[    5.072912] sd 2:0:1:0: [sdb] Attached SCSI disk
[    5.104871]  sda: sda1
[    5.109466] sd 2:0:0:0: [sda] Attached SCSI disk
[    5.162657] e1000 0000:00:08.0 eth1: (PCI:33MHz:32-bit) 08:00:27:e1:c7:02
[    5.168019] e1000 0000:00:08.0 eth1: Intel(R) PRO/1000 Network Connection
[    5.178067] e1000 0000:00:08.0 enp0s8: renamed from eth1
[    5.186027] e1000 0000:00:03.0 enp0s3: renamed from eth0
Begin: Loading e[    6.950070] md: linear personality registered for level -1
ssential drivers ... [    6.998189] md: multipath personality registered for level -4
[    7.007721] md: raid0 personality registered for level 0
[    7.021272] md: raid1 personality registered for level 1
[    7.102791] raid6: sse2x1   gen()  7313 MB/s
[    7.182191] raid6: sse2x1   xor()  4335 MB/s
[    7.262580] raid6: sse2x2   gen()  9484 MB/s
[    7.342635] raid6: sse2x2   xor()  7287 MB/s
[    7.421368] raid6: sse2x4   gen() 11394 MB/s
[    7.502087] raid6: sse2x4   xor()  9477 MB/s
[    7.573601] raid6: avx2x1   gen() 15933 MB/s
[    7.651779] raid6: avx2x2   gen() 22414 MB/s
[    7.730797] raid6: avx2x4   gen() 26817 MB/s
[    7.734609] raid6: using algorithm avx2x4 gen() 26817 MB/s
[    7.738650] raid6: using avx2x2 recovery algorithm
[    7.744291] xor: automatically using best checksumming function:
[    7.841176]    avx       : 48149.000 MB/sec
[    7.846105] async_tx: api initialized (async)
[    7.876055] md: raid6 personality registered for level 6
[    7.879862] md: raid5 personality registered for level 5
[    7.883728] md: raid4 personality registered for level 4
[    7.900573] md: raid10 personality registered for level 10
done.
Begin: Running /scripts/init-premount ... done.
Begin: Mounting root file system ... Begin: Running /scripts/local-top ... done.
Begin: Running /scripts/local-premount ... [    7.990561] Btrfs loaded
Scanning for Btrfs filesystems
done.
Warning: fsck not present, so skipping root file system
[    8.037259] EXT4-fs (sda1): mounted filesystem with ordered data mode. Opts: (null)
done.
Begin: Running /scripts/local-bottom ... done.
Begin: Running /scripts/init-bottom ... done.
[    8.176302] systemd[1]: systemd 229 running in system mode. (+PAM +AUDIT +SELINUX +IMA +APPARMOR +SMACK +SYSVINIT +UTMP +LIBCRYPTSETUP +GCRYPT +GNUTLS +ACL +XZ -LZ4 +SECCOMP +BLKID +ELFUTILS +KMOD -IDN)
[    8.189070] systemd[1]: Detected virtualization oracle.
[    8.193396] systemd[1]: Detected architecture x86-64.

Welcome to [1mUbuntu 16.04.7 LTS[0m!

[    8.206144] systemd[1]: Set hostname to <ubuntu>.
[    8.213868] systemd[1]: Initializing machine ID from random generator.
[    8.218561] systemd[1]: Installed transient /etc/machine-id file.
[    8.459454] systemd[1]: Listening on LVM2 metadata daemon socket.
[[0;32m  OK  [0m] Listening on LVM2 metadata daemon socket.
[    8.468401] systemd[1]: Reached target Swap.
[[0;32m  OK  [0m] Reached target Swap.
[    8.475794] systemd[1]: Listening on udev Control Socket.
[[0;32m  OK  [0m] Listening on udev Control Socket.
[    8.484639] systemd[1]: Created slice System Slice.
[[0;32m  OK  [0m] Created slice System Slice.
[    8.494966] systemd[1]: Created slice User and Session Slice.
[[0;32m  OK  [0m] Created slice User and Session Slice.
[    8.506373] systemd[1]: Started Trigger resolvconf update for networkd DNS.
[[0;32m  OK  [0m] Started Trigger resolvconf update for networkd DNS.
[    8.516552] systemd[1]: Reached target Encrypted Volumes.
[[0;32m  OK  [0m] Reached target Encrypted Volumes.
[    8.524774] systemd[1]: Reached target User and Group Name Lookups.
[[0;32m  OK  [0m] Reached target User and Group Name Lookups.
[    8.533856] systemd[1]: Reached target Slices.
[[0;32m  OK  [0m] Reached target Slices.
[    8.541796] systemd[1]: Listening on fsck to fsckd communication Socket.
[[0;32m  OK  [0m] Listening on fsck to fsckd communication Socket.
[    8.551703] systemd[1]: Listening on Journal Audit Socket.
[[0;32m  OK  [0m] Listening on Journal Audit Socket.
[    8.559717] random: nonblocking pool is initialized
[    8.563707] systemd[1]: Listening on Device-mapper event daemon FIFOs.
[[0;32m  OK  [0m] Listening on Device-mapper event daemon FIFOs.
[    8.573760] systemd[1]: Started Forward Password Requests to Wall Directory Watch.
[[0;32m  OK  [0m] Started Forward Password Requests to Wall Directory Watch.
[    8.584648] systemd[1]: Reached target System Time Synchronized.
[[0;32m  OK  [0m] Reached target System Time Synchronized.
[    8.594827] systemd[1]: Listening on /dev/initctl Compatibility Named Pipe.
[[0;32m  OK  [0m] Listening on /dev/initctl Compatibility Named Pipe.
[    8.605957] systemd[1]: Listening on Journal Socket.
[[0;32m  OK  [0m] Listening on Journal Socket.
[    8.615104] systemd[1]: Mounting Debug File System...
         Mounting Debug File System...
[    8.627367] systemd[1]: Starting Load Kernel Modules...
         Starting Load Kernel Modules...
[    8.652249] systemd[1]: Mounting Huge Pages File System...
[    8.660542] Loading iSCSI transport class v2.0-870.
         Mounting Huge Pages File System...
[    8.676389] systemd[1]: Starting Nameserver information manager...
[    8.682186] iscsi: registered transport (tcp)
         Starting Nameserver information manager...
[    8.694744] systemd[1]: Starting Set console keymap...
         Starting Set console keymap...
[    8.710178] systemd[1]: Starting Uncomplicated firewall...
         Starting Uncomplicated firewall...
[    8.730624] systemd[1]: Starting Monitoring of LVM2 mirrors, snapshots etc. using dmeventd or progress polling...
         Starting Monitoring of LVM2 mirrors... dmeventd or progress polling...
[    8.759469] systemd[1]: Mounting POSIX Message Queue File System...
         Mounting POSIX Message Queue File System...
[    8.778162] systemd[1]: Starting File System Check on Root Device...
         Starting File System Check on Root Device...
[    8.798872] systemd[1]: Listening on LVM2 poll daemon socket.
[[0;32m  OK  [0m] Listening on LVM2 poll daemon socket.
[    8.818949] systemd[1]: Listening on udev Kernel Socket.
[[0;32m  OK  [0m] Listening on udev Kernel Socket.
[    8.835917] systemd[1]: Set up automount Arbitrary Executable File Formats File System Automount Point.
[[0;32m  OK  [0m] Set up automount Arbitrary Executab...ats File System Automount Point.
[    8.864413] systemd[1]: Listening on Syslog Socket.
[[0;32m  OK  [0m] Listening on Syslog Socket.
[    8.882731] systemd[1]: Created slice system-serial\x2dgetty.slice.
[[0;32m  OK  [0m[    8.893530] iscsi: registered transport (iser)
] Created slice system-serial\x2dgetty.slice.
[    8.903146] systemd[1]: Starting Create list of required static device nodes for the current kernel...
         Starting Create list of required st... nodes for the current kernel...
[    8.929788] systemd[1]: Listening on Journal Socket (/dev/log).
[[0;32m  OK  [0m] Listening on Journal Socket (/dev/log).
[    8.946689] systemd[1]: Starting Journal Service...
         Starting Journal Service...
[    8.969630] systemd[1]: Mounted Huge Pages File System.
[[0;32m  OK  [0m] Mounted Huge Pages File System.
[    8.977642] systemd[1]: Mounted POSIX Message Queue File System.
[[0;32m  OK  [0m] Mounted POSIX Message Queue File System.
[    8.996414] systemd[1]: Mounted Debug File System.
[[0;32m  OK  [0m] Mounted Debug File System.
[    9.004485] systemd[1]: Started Journal Service.
[[0;32m  OK  [0m] Started Journal Service.
[[0;32m  OK  [0m] Started Load Kernel Modules.
[[0;32m  OK  [0m] Started Set console keymap.
[[0;32m  OK  [0m] Started Uncomplicated firewall.
[[0;32m  OK  [0m] Started File System Check on Root Device.
[[0;32m  OK  [0m] Started Create list of required sta...ce nodes for the current kernel.
[[0;32m  OK  [0m] Started Nameserver information manager.
[[0;32m  OK  [0m] Started LVM2 metadata daemon.
[[0;32m  OK  [0m] Started File System Check Daemon to report status.
         Starting Create Static Device Nodes in /dev...
         Starting Remount Root and Kernel File Systems...
         Starting Apply Kernel Variables...
[    9.123954] EXT4-fs (sda1): re-mounted. Opts: (null)
         Mounting FUSE Control File System...
[[0;32m  OK  [0m] Mounted FUSE Control File System.
[[0;32m  OK  [0m] Started Apply Kernel Variables.
[[0;32m  OK  [0m] Started Create Static Device Nodes in /dev.
[[0;32m  OK  [0m] Started Remount Root and Kernel File Systems.
         Starting udev Coldplug all Devices...
         Starting Load/Save Random Seed...
         Starting Flush Journal to Persistent Storage...
         Starting udev Kernel Device Manager...
[[0;32m  OK  [0m] Started Load/Save Random Seed.
[[0;32m  OK  [0m] Started Flush Journal to Persistent Storage.
[[0;32m  OK  [0m] Started udev Kernel Device Manager.
[[0;32m  OK  [0m] Started udev Coldplug all Devices.
[[0;32m  OK  [0m] Started Dispatch Password Requests to Console Directory Watch.
[[0;32m  OK  [0m] Started Monitoring of LVM2 mirrors,...ng dmeventd or progress polling.
[[0;32m  OK  [0m] Reached target Local File Systems (Pre).
[[0;32m  OK  [0m] Reached target Local File Systems.
         Starting Set console font and keymap...
         Starting Initial cloud-init job (pre-networking)...
         Starting Tell Plymouth To Write Out Runtime Data...
         Starting Create Volatile Files and Directories...
         Starting LSB: AppArmor initialization...
         Starting Commit a transient machine-id on disk...
[[0;32m  OK  [0m] Started Tell Plymouth To Write Out Runtime Data.
[[0;32m  OK  [0m] Started Commit a transient machine-id on disk.
[[0;32m  OK  [0m] Started Create Volatile Files and Directories.
         Starting Update UTMP about System Boot/Shutdown...
[[0;32m  OK  [0m] Started Update UTMP about System Boot/Shutdown.
[[0;32m  OK  [0m] Found device /dev/ttyS0.
[[0;32m  OK  [0m] Listening on Load/Save RF Kill Switch Status /dev/rfkill Watch.
[   10.995030] cloud-init[505]: Cloud-init v. 21.1-19-gbad84ad4-0ubuntu1~16.04.2 running 'init-local' at Sun, 23 Apr 2023 20:07:33 +0000. Up 9.94 seconds.
[[0;32m  OK  [0m] Started Initial cloud-init job (pre-networking).
[[0;32m  OK  [0m] Reached target Network (Pre).
[[0;32m  OK  [0m] Started LSB: AppArmor initialization.
[[0;32m  OK  [0m] Started Set console font and keymap.
[[0;32m  OK  [0m] Created slice system-getty.slice.
         Starting Load AppArmor profiles managed internally by snapd...
         Starting Raise network interfaces...
[[0;32m  OK  [0m] Started Load AppArmor profiles managed internally by snapd.
[[0;32m  OK  [0m] Started Raise network interfaces.
         Starting Initial cloud-init job (metadata service crawler)...
[[0;32m  OK  [0m] Reached target Network.
[   14.397010] cloud-init[976]: Cloud-init v. 21.1-19-gbad84ad4-0ubuntu1~16.04.2 running 'init' at Sun, 23 Apr 2023 20:07:37 +0000. Up 13.54 seconds.
[   14.418888] cloud-init[976]: ci-info: ++++++++++++++++++++++++++++++++++++++Net device info+++++++++++++++++++++++++++++++++++++++
[   14.424621] cloud-init[976]: ci-info: +--------+-------+----------------------------+---------------+--------+-------------------+
[   14.442505] cloud-init[976]: ci-info: | Device |   Up  |          Address           |      Mask     | Scope  |     Hw-Address    |
[   14.460174] cloud-init[976]: ci-info: +--------+-------+----------------------------+---------------+--------+-------------------+
[   14.468261] cloud-init[976]: ci-info: | enp0s3 |  True |         10.0.2.15          | 255.255.255.0 | global | 02:be:82:6b:cc:1d |
[   14.487256] cloud-init[976]: ci-info: | enp0s3 |  True | fe80::be:82ff:fe6b:cc1d/64 |       .       |  link  | 02:be:82:6b:cc:1d |
[[0;32m  OK  [0m] Started Initial cloud-init job (metadata service crawler).[   14.499594] cloud-init[976]: ci-info: | enp0s8 | False |             .              |       .       |   .    | 08:00:27:e1:c7:02 |
[   14.504594] cloud-init[976]: ci-info: |   lo   |  True |         127.0.0.1          |   255.0.0.0   |  host  |         .         |
[[0;32m  OK  [0m] Reached target System Initialization.
[[0;32m  OK  [0m] Started Daily apt download activities.
[[0;32m  OK  [0m] Listening on UUID daemon activation socket.

[   14.520319] cloud-init[976]: ci-info: |   lo   |  True |          ::1/128           |       .       |  host  |         .         |
[[0;32m  OK  [0m] Listening on D-Bus System Message Bus Socket.
[   14.535614] cloud-init[976]: ci-info: +--------+-------+----------------------------+---------------+--------+-------------------+
[[0;32m  OK  [0m] Started Daily apt upgrade and clean activities.
[   14.546734] cloud-init[976]: ci-info: +++++++++++++++++++++++++++Route IPv4 info++++++++++++++++++++++++++++
[[0;32m  OK  [0m] Listening on ACPID Listen Socket.
[   14.557264] cloud-init[976]: ci-info: +-------+-------------+----------+---------------+-----------+-------+
         Starting Socket activation for snappy daemon.
[   14.566897] cloud-init[976]: ci-info: | Route | Destination | Gateway  |    Genmask    | Interface | Flags |
[[0;32m  OK  [0m] Started Ubuntu Advantage update messaging.
[   14.578215] cloud-init[976]: ci-info: +-------+-------------+----------+---------------+-----------+-------+
[   14.582894] cloud-init[976]: ci-info: |   0   |   0.0.0.0   | 10.0.2.2 |    0.0.0.0    |   enp0s3  |   UG  |
[   14.587255] cloud-init[976]: [[0;32m  OK  [0m] Started ACPI Events Check.
[[0;32m  OK  [0m] Reached target Paths.
ci-info: |   1   |   10.0.2.0  | 0.0.0.0  | 255.255.255.0 |   enp0s3  |   U   |
[   14.599430] cloud-init[976]: ci-info: +-------+-------------+----------+---------------+-----------+-------+
         Starting LXD - unix socket.
[[0;32m  OK  [0m] Started Daily Cleanup of Temporary Directories.
[   14.614764] cloud-init[976]: ci-info: +++++++++++++++++++Route IPv6 info+++++++++++++++++++
[[0;32m  OK  [0m] Started Message of the Day.
[   14.626374] cloud-init[976]: ci-info: +-------+-------------+---------+-----------+-------+
[[0;32m  OK  [0m] Reached target Timers.
[   14.637748] cloud-init[976]: ci-info: | Route | Destination | Gateway | Interface | Flags |
[   14.641964] cloud-init[976]: ci-info: +-------+-------------+---------+-----------+-------+
[   14.646007] cloud-init[[0;32m  OK  [0m] Reached target Network is Online.
         Starting iSCSI initiator daemon (iscsid)...
[[0;32m  OK  [0m] Reached target Cloud-config availability.
[976]: ci-info: |   0   |  fe80::/64  |    ::   |   enp0s3  |   U   |
[[0;32m  OK  [0m] Listening on Socket activation for snappy daemon.
[   14.672150] cloud-init[976]: ci-info: |   3   |   ff00::/8  |    ::   |   enp0s3  |   U   |
[[0;32m  OK  [0m] Listening on LXD - unix socket.
[[0;32m  OK  [0m] Reached target Sockets.
[[0;32m  OK  [0m] [   14.688007] cloud-init[976]: Reached target Basic System.
ci-info: +-------+-------------+---------+-----------+-------+[[0;32m  OK  [0m] Started Regular background program processing daemon.

[   14.704259] cloud-init[976]: Generating public/private rsa key pair.         Starting Pollinate to seed the pseudo random number generator...
[[0;32m  OK  [0m] Started D-Bus System Message Bus.
[   14.719256] cloud-init[976]: Your identification has been saved in /etc/ssh/ssh_host_rsa_key.

[   14.743852] cloud-init[976]: Your public key has been saved in /etc/ssh/ssh_host_rsa_key.pub.
[[0;32m  OK  [0m] Started FUSE filesystem for LXC.
         Starting Accounts Service...
         Starting LSB: Record successful boot for GRUB...
         Starting LSB: MD monitoring daemon...[   14.759877] cloud-init[976]: The key fingerprint is:

[[0;32m  OK  [0m] Started Deferred execution scheduler.
         Starting LXD - container startup/shutdown...
         Starting Virtualbox guest utils...
         Starting Login Service...
         Starting /etc/rc.local Compatibility...
         Starting System Logging Service...
[[0;32m  OK  [0m] Started ACPI event daemon.
[   14.850952]          Starting Snap Daemon...
[cloud-init[0;32m  OK  [0m] Started /etc/rc.local Compatibility.
[[0;32m  OK  [0m] Started Login Service.
[[0;32m  OK  [0m] Started Unattended Upgrades Shutdown.
[976]: SHA256:ot0tDi66Desfs4c1TMj7sf8Q1OljNkYNG3S00Q5xvB4 root@ubuntu-xenial[[0;32m  OK  [0m] Started iSCSI initiator daemon (iscsid).
         Starting Login to default iSCSI targets...
[[0;32m  OK  [0m] Started System Logging Service.

[[0;32m  OK  [0m] Started Login to default iSCSI targets.
[   15.035974] [[0;32m  OK  [0m] Reached target Remote File Systems (Pre).
[[0;32m  OK  [0m] Reached target Remote File Systems.
         Starting LSB: Set the CPU Frequency Scaling governor to "ondemand"...
         Starting LSB: daemon to balance interrupts for SMP systems...
         Starting Permit User Sessions...
cloud-init[976]: The key's randomart image is:
         Starting LSB: automatic crash report generation...
[[0;32m  OK  [0m] Started Permit User Sessions.
         Starting Hold until boot process finishes up...
         Starting Terminate Plymouth Boot Screen...
[[0;32m  OK  [0m] Started Hold until boot process finishes up.
[[0;32m  OK  [0m] Started Terminate Plymouth Boot Screen.
         Starting Set console scheme...
[   15.181691] cloud-init[976]: +---[RSA 2048]----+
[[0;32m  OK  [0m] Started Serial Getty on ttyS0.
[[0;32m  OK  [0m] Started Getty on tty1.
[[0;32m  OK  [0m] Reached target Login Prompts.
[[0;32m  OK  [0m] Started Set console scheme.
[[0;32m  OK  [0m] Started LSB: Record successful boot for GRUB.
         Starting Authenticate and Authorize Users to Run Privileged Tasks...
[[0;32m  OK  [0m] Started LSB: MD monitoring daemon.
[   15.289745] cloud-init[976]: |         .+.=+.  |
[[0;32m  OK  [0m] Started LSB: Set the CPU Frequency Scaling governor to "ondemand".
[   15.354446] cloud-init[[0;32m  OK  [0m] Started LSB: daemon to balance interrupts for SMP systems.
[[0;32m  OK  [0m] Started Authenticate and Authorize Users to Run Privileged Tasks.
[[0;32m  OK  [0m] Started Accounts Service.
[976]: |         . B.+o  |
[   15.394053] cloud-init[976]: |   . .  . = oo . |
[[0;32m  OK  [0m] Started LSB: automatic crash report generation.
[[0;32m  OK  [0m] Started LXD - container startup/shutdown.
[   15.441259] cloud-init[976]: |    o .. o    E  |
[   15.452417] cloud-init[976]: |     +. S B  . . |
[   15.472448] cloud-init[976]: |    .o=o * o  .  |
[   15.498989] cloud-init[976]: |  . ++o++ .      |
[   15.518638] cloud-init[976]: |   +o=+o o       |
[   15.558247] cloud-init[976]: | .=++o..o..      |
[[0;32m  OK  [0m] Started Virtualbox guest utils.
[   15.588097] cloud-init[976]: +----[SHA256]-----+
[   15.602581] cloud-init[976]: Generating public/private dsa key pair.
[   15.621558] cloud-init[976]: Your identification has been saved in /etc/ssh/ssh_host_dsa_key.
[   15.650178] cloud-init[976]: Your public key has been saved in /etc/ssh/ssh_host_dsa_key.pub.
[   15.655653] cloud-init[976]: The key fingerprint is:
[   15.660492] cloud-init[976]: SHA256:/TFyftoRRaNPJoeVtqCenafLSRL5dZ4KI2JS1dalKzU root@ubuntu-xenial
[   15.695886] cloud-init[976]: The key's randomart image is:
[   15.704733] cloud-init[976]: +---[DSA 1024]----+
[   15.718831] cloud-init[976]: |               +o|
[   15.731146] cloud-init[976]: |          . ..*+.|
[   15.747644] cloud-init[976]: |         . o.Eo+o|
[   15.760299] cloud-init[976]: |        ....o Oo |
[[0;32m  OK  [0m] Started Snap Daemon.
[   15.773292]          Starting Wait until snapd is fully seeded...
cloud-init[976]: |       .S ++*.oo.|
[   15.812264] cloud-init[976]: |      .    B+=.+o|
[   15.845933] cloud-init[976]: |     . o . +oo=..|
[   15.870249] cloud-init[976]: |      o . . *=o. |
[   15.891870] cloud-init[976]: |            .=o  |
[   15.897154] cloud-init[976]: +----[SHA256]-----+
[   15.909723] cloud-init[976]: Generating public/private ecdsa key pair.
[   15.923029] cloud-init[976]: Your identification has been saved in /etc/ssh/ssh_host_ecdsa_key.
[   15.931508] cloud-init[976]: Your public key has been saved in /etc/ssh/ssh_host_ecdsa_key.pub.
[   15.940146] cloud-init[976]: The key fingerprint is:
[   15.946172] cloud-init[976]: SHA256:Q/G32No+PwgljmshLGvRW/HHI3MRW3NA8NEdIR/FdTs root@ubuntu-xenial
[   15.954700] cloud-init[976]: The key's randomart image is:
[   15.962251] cloud-init[976]: +---[ECDSA 256]---+
[   15.969874] cloud-init[976]: |        .   .++BX|
[   15.979903] cloud-init[976]: |         o  ..=.O|
[   15.987803] cloud-init[976]: |        . . .+.E |
[   15.996348] cloud-init[976]: |       .. .++.  .|
[   16.005368] cloud-init[976]: |     o  S=.+o.   |
[   16.014097] cloud-init[976]: |    o + +.*o=    |
[   16.022171] cloud-init[976]: |     + + o.*.o   |
[   16.031606] cloud-init[976]: |    o . o  .o .  |
[   16.039820] cloud-init[976]: |   .   .    .o.. |
[   16.048089] cloud-init[976]: +----[SHA256]-----+
[   16.056614] cloud-init[976]: Generating public/private ed25519 key pair.
[   16.061543] cloud-init[976]: Your identification has been saved in /etc/ssh/ssh_host_ed25519_key.
[   16.067123] cloud-init[976]: Your public key has been saved in /etc/ssh/ssh_host_ed25519_key.pub.
[   16.073042] cloud-init[976]: The key fingerprint is:
[   16.092459] cloud-init[976]: SHA256:eBBk6uF90j7iX7jX4ul5aqY/97GoOr1QZVBjDRnL7C0 root@ubuntu-xenial
[   16.110016] cloud-init[976]: The key's randomart image is:
[[0;32m  OK  [0m] Started Pollinate to seed the pseudo random number generator.[   16.133792] cloud-init[976]: +--[ED25519 256]--+

         Starting OpenBSD Secure Shell server...
[   16.146208] cloud-init[976]: |     .+   ..*=   |
[[0;32m  OK  [0m] Started OpenBSD Secure Shell server.
[   16.163266] cloud-init[976]: |     o .   =.o.  |
[   16.188350] cloud-init[976]: |    o .     *    |
[   16.197431] cloud-init[976]: |   o o +   + .   |
[   16.209035] cloud-init[976]: |    o + S . E .  |
[   16.214219] cloud-init[976]: |       = o   .   |
[   16.219399] cloud-init[976]: |      . =...  .  |
[   16.225150] cloud-init[976]: |     . ..=Bo+. o |
[   16.231196] cloud-init[976]: |      ..=@XO..o  |
[   16.235542] cloud-init[976]: +----[SHA256]-----+
[[0;32m  OK  [0m] Started Wait until snapd is fully seeded.
         Starting Apply the settings specified in cloud-config...
[[0;32m  OK  [0m] Reached target Multi-User System.
[[0;32m  OK  [0m] Reached target Graphical Interface.
         Starting Update UTMP about System Runlevel Changes...
[[0;32m  OK  [0m] Started Update UTMP about System Runlevel Changes.
[[0;32m  OK  [0m] Created slice User Slice of vagrant.
         Starting User Manager for UID 1000...
[[0;32m  OK  [0m] Started Session 1 of user vagrant.
[[0;32m  OK  [0m] Started User Manager for UID 1000.
[   17.901858] cloud-init[1331]: Generating locales (this might take a while)...
[   20.075028] cloud-init[1331]:   en_US.UTF-8... done
[   20.087918] cloud-init[1331]: Generation complete.
[   20.883433] cloud-init[1331]: Cloud-init v. 21.1-19-gbad84ad4-0ubuntu1~16.04.2 running 'modules:config' at Sun, 23 Apr 2023 20:07:41 +0000. Up 17.64 seconds.

Ubuntu 16.04.7 LTS ubuntu-xenial ttyS0

ubuntu-xenial login: ci-info: no authorized SSH keys fingerprints found for user ubuntu.
<14>Apr 23 20:07:46 ec2: 
<14>Apr 23 20:07:46 ec2: #############################################################
<14>Apr 23 20:07:46 ec2: -----BEGIN SSH HOST KEY FINGERPRINTS-----
<14>Apr 23 20:07:46 ec2: 1024 SHA256:/TFyftoRRaNPJoeVtqCenafLSRL5dZ4KI2JS1dalKzU root@ubuntu-xenial (DSA)
<14>Apr 23 20:07:46 ec2: 256 SHA256:Q/G32No+PwgljmshLGvRW/HHI3MRW3NA8NEdIR/FdTs root@ubuntu-xenial (ECDSA)
<14>Apr 23 20:07:46 ec2: 256 SHA256:eBBk6uF90j7iX7jX4ul5aqY/97GoOr1QZVBjDRnL7C0 root@ubuntu-xenial (ED25519)
<14>Apr 23 20:07:46 ec2: 2048 SHA256:ot0tDi66Desfs4c1TMj7sf8Q1OljNkYNG3S00Q5xvB4 root@ubuntu-xenial (RSA)
<14>Apr 23 20:07:46 ec2: -----END SSH HOST KEY FINGERPRINTS-----
<14>Apr 23 20:07:46 ec2: #############################################################
-----BEGIN SSH HOST KEY KEYS-----
ecdsa-sha2-nistp256 AAAAE2VjZHNhLXNoYTItbmlzdHAyNTYAAAAIbmlzdHAyNTYAAABBBBfXPxFl4lZ7FK7MuVXSlR9QqlMcR6Q85ycS3GUq9gBgLFwX+Vt2XiJBeY37Tl5fQs38f9K9DGsO8WCmPO9jCtE= root@ubuntu-xenial
ssh-ed25519 AAAAC3NzaC1lZDI1NTE5AAAAIONRrN3fhaPEILZyG5h+aKJ70COY1T7VKqOpVBZtX8xu root@ubuntu-xenial
ssh-rsa AAAAB3NzaC1yc2EAAAADAQABAAABAQDNj2UzXg83qd++wApIkVBwhPWoDOFKmKn0/+5DewDgVSjCYFlFIFOfhpdEKGqIMKu++6LxWLIq3n23EfOTr3V40oS0EJaPsUNTQv9lZTodiPf+ehfWYC/hJRDBoEQ40032oiQEZlW7qJEhVtP3UZyZds4JWljKTXnN5ZWrzE3h0cRHq0tUVgBlvLUD/9H6MiiUlWtap9ilpR7OyHqgxiXxc8KMxtZGg7e3cQ0WmFjrEI18zqzoATPqBvwedXNT4Tcceg9ZLGPBIu6qI8VWYugs9R6V2STYvuSO16lfHiw4HjC0FyWFP5GUFfbkGpG8A/xRRT9+pq5kb//owh01u+w3 root@ubuntu-xenial
-----END SSH HOST KEY KEYS-----
[   22.113042] cloud-init[1544]: Cloud-init v. 21.1-19-gbad84ad4-0ubuntu1~16.04.2 running 'modules:final' at Sun, 23 Apr 2023 20:07:45 +0000. Up 21.68 seconds.
[   22.120275] cloud-init[1544]: ci-info: no authorized SSH keys fingerprints found for user ubuntu.
[   22.141923] cloud-init[1544]: Cloud-init v. 21.1-19-gbad84ad4-0ubuntu1~16.04.2 finished at Sun, 23 Apr 2023 20:07:46 +0000. Datasource DataSourceNoCloud [seed=/dev/sdb][dsmode=net].  Up 22.10 seconds
